Archive member included because of file (symbol)

../thirdparty/wireless/ble_sdk/lib/cm0p/gcc\libble_sdk.a(event.o)
                              thirdparty/wireless/ble_sdk/ble_services/ble_mgr/ble_manager.o (at_ble_event_get)
../thirdparty/wireless/ble_sdk/lib/cm0p/gcc\libble_sdk.a(gap.o)
                              thirdparty/wireless/ble_sdk/ble_services/ble_mgr/ble_manager.o (at_ble_device_name_set)
../thirdparty/wireless/ble_sdk/lib/cm0p/gcc\libble_sdk.a(gatt_server.o)
                              ../thirdparty/wireless/ble_sdk/lib/cm0p/gcc\libble_sdk.a(event.o) (gatts_handle_read_req)
../thirdparty/wireless/ble_sdk/lib/cm0p/gcc\libble_sdk.a(interface.o)
                              ../thirdparty/wireless/ble_sdk/lib/cm0p/gcc\libble_sdk.a(gap.o) (interface_init)
../thirdparty/wireless/ble_sdk/lib/cm0p/gcc\libble_sdk.a(l2cc_task.o)
                              ../thirdparty/wireless/ble_sdk/lib/cm0p/gcc\libble_sdk.a(event.o) (l2cc_data_send_rsp_handler)
../thirdparty/wireless/ble_sdk/lib/cm0p/gcc\libble_sdk.a(security.o)
                              thirdparty/wireless/ble_sdk/ble_services/ble_mgr/ble_manager.o (at_ble_authenticate)
../thirdparty/wireless/ble_sdk/lib/cm0p/gcc\libble_sdk.a(patch_mem_words.o)
                              ../thirdparty/wireless/ble_sdk/lib/cm0p/gcc\libble_sdk.a(gap.o) (gu32fw_version)
../thirdparty/wireless/ble_sdk/lib/cm0p/gcc\libble_sdk.a(calib_task.o)
                              ../thirdparty/wireless/ble_sdk/lib/cm0p/gcc\libble_sdk.a(gap.o) (calib_config)
../thirdparty/wireless/ble_sdk/lib/cm0p/gcc\libble_sdk.a(dbg_logs.o)
                              ../thirdparty/wireless/ble_sdk/lib/cm0p/gcc\libble_sdk.a(event.o) (tpfAtBlePrintErr)
../thirdparty/wireless/ble_sdk/lib/cm0p/gcc\libble_sdk.a(dbg_task.o)
                              ../thirdparty/wireless/ble_sdk/lib/cm0p/gcc\libble_sdk.a(gap.o) (dbg_le_set_bd_addr_req_handler)
../thirdparty/wireless/ble_sdk/lib/cm0p/gcc\libble_sdk.a(gapc_task.o)
                              ../thirdparty/wireless/ble_sdk/lib/cm0p/gcc\libble_sdk.a(security.o) (check_ConnData_idx_role)
../thirdparty/wireless/ble_sdk/lib/cm0p/gcc\libble_sdk.a(gapm_task.o)
                              ../thirdparty/wireless/ble_sdk/lib/cm0p/gcc\libble_sdk.a(gap.o) (gapm_reset_req_handler)
../thirdparty/wireless/ble_sdk/lib/cm0p/gcc\libble_sdk.a(gattc_task.o)
                              ../thirdparty/wireless/ble_sdk/lib/cm0p/gcc\libble_sdk.a(gatt_server.o) (gattc_read_req_ind_parser)
../thirdparty/wireless/ble_sdk/lib/cm0p/gcc\libble_sdk.a(gattm_task.o)
                              ../thirdparty/wireless/ble_sdk/lib/cm0p/gcc\libble_sdk.a(gatt_server.o) (gattm_add_svc_req_handler)
../thirdparty/wireless/ble_sdk/lib/cm0p/gcc\libble_sdk.a(htpt_task.o)
                              ../thirdparty/wireless/ble_sdk/lib/cm0p/gcc\libble_sdk.a(event.o) (htpt_enable_rsp_handler)
../thirdparty/wireless/ble_sdk/lib/cm0p/gcc\libble_sdk.a(at_ble_patch.o)
                              ../thirdparty/wireless/ble_sdk/lib/cm0p/gcc\libble_sdk.a(patch_mem_words.o) (write_32_to_BTLC1000)
../thirdparty/wireless/ble_sdk/lib/cm0p/gcc\libble_sdk.a(fifo.o)
                              ../thirdparty/wireless/ble_sdk/lib/cm0p/gcc\libble_sdk.a(interface.o) (fifo_init)
c:/program files (x86)/atmel/studio/7.0/toolchain/arm/arm-gnu-toolchain/bin/../lib/gcc/arm-none-eabi/4.9.3/armv6-m\libgcc.a(_thumb1_case_sqi.o)
                              ../thirdparty/wireless/ble_sdk/lib/cm0p/gcc\libble_sdk.a(gap.o) (__gnu_thumb1_case_sqi)
c:/program files (x86)/atmel/studio/7.0/toolchain/arm/arm-gnu-toolchain/bin/../lib/gcc/arm-none-eabi/4.9.3/armv6-m\libgcc.a(_thumb1_case_uqi.o)
                              ../thirdparty/wireless/ble_sdk/lib/cm0p/gcc\libble_sdk.a(gap.o) (__gnu_thumb1_case_uqi)
c:/program files (x86)/atmel/studio/7.0/toolchain/arm/arm-gnu-toolchain/bin/../lib/gcc/arm-none-eabi/4.9.3/armv6-m\libgcc.a(_udivsi3.o)
                              hpl/core/hpl_core_m0plus_base.o (__aeabi_uidiv)
c:/program files (x86)/atmel/studio/7.0/toolchain/arm/arm-gnu-toolchain/bin/../lib/gcc/arm-none-eabi/4.9.3/armv6-m\libgcc.a(_dvmd_tls.o)
                              c:/program files (x86)/atmel/studio/7.0/toolchain/arm/arm-gnu-toolchain/bin/../lib/gcc/arm-none-eabi/4.9.3/armv6-m\libgcc.a(_udivsi3.o) (__aeabi_idiv0)
c:/program files (x86)/atmel/studio/7.0/toolchain/arm/arm-gnu-toolchain/bin/../lib/gcc/arm-none-eabi/4.9.3/armv6-m\libgcc.a(_aeabi_uldivmod.o)
                              hpl/sercom/hpl_sercom_v220.o (__aeabi_uldivmod)
c:/program files (x86)/atmel/studio/7.0/toolchain/arm/arm-gnu-toolchain/bin/../lib/gcc/arm-none-eabi/4.9.3/armv6-m\libgcc.a(_muldi3.o)
                              hpl/sercom/hpl_sercom_v220.o (__aeabi_lmul)
c:/program files (x86)/atmel/studio/7.0/toolchain/arm/arm-gnu-toolchain/bin/../lib/gcc/arm-none-eabi/4.9.3/armv6-m\libgcc.a(_ffssi2.o)
                              hpl/eic/hpl_eic2_v100.o (__ffssi2)
[...]
Memory Configuration

Name             Origin             Length             Attributes
rom              0x00000000         0x00040000         xr
ram              0x20000000         0x00008000         xrw
lpram            0x30000000         0x00002000         xrw
*default*        0x00000000         0xffffffff

Linker script and memory map

LOAD c:/program files (x86)/atmel/studio/7.0/toolchain/arm/arm-gnu-toolchain/bin/../lib/gcc/arm-none-eabi/4.9.3/armv6-m/crti.o
LOAD c:/program files (x86)/atmel/studio/7.0/toolchain/arm/arm-gnu-toolchain/bin/../lib/gcc/arm-none-eabi/4.9.3/armv6-m/crtbegin.o
LOAD c:/program files (x86)/atmel/studio/7.0/toolchain/arm/arm-gnu-toolchain/bin/../lib/gcc/arm-none-eabi/4.9.3/../../../../arm-none-eabi/lib/armv6-m/crt0.o
LOAD atmel_start.o
LOAD ble_config.o
LOAD ble_observer.o
LOAD Device_Startup/startup_saml21.o
LOAD Device_Startup/system_saml21.o
LOAD hal/src/hal_atomic.o
LOAD hal/src/hal_delay.o
LOAD hal/src/hal_ext_irq.o
LOAD hal/src/hal_gpio.o
LOAD hal/src/hal_init.o
LOAD hal/src/hal_io.o
LOAD hal/src/hal_sleep.o
LOAD hal/src/hal_timer.o
LOAD hal/src/hal_usart_async.o
LOAD hal/src/hal_usart_sync.o
LOAD hal/utils/src/utils_assert.o
LOAD hal/utils/src/utils_event.o
LOAD hal/utils/src/utils_list.o
LOAD hal/utils/src/utils_ringbuffer.o
LOAD hal/utils/src/utils_syscalls.o
LOAD hpl/core/hpl_core_m0plus_base.o
LOAD hpl/core/hpl_init.o
LOAD hpl/eic/hpl_eic2_v100.o
LOAD hpl/gclk/hpl_gclk2_v111.o
LOAD hpl/mclk/hpl_mclk_v101.o
LOAD hpl/osc32kctrl/hpl_osc32kctrl_v110.o
LOAD hpl/oscctrl/hpl_oscctrl_v110.o
LOAD hpl/pm/hpl_pm2_v102.o
LOAD hpl/port/hpl_port_v201.o
LOAD hpl/sercom/hpl_sercom_v220.o
LOAD hpl/tc/hpl_tc2_v200_base.o
LOAD stdio_redirect/gcc/read.o
LOAD stdio_redirect/gcc/write.o
LOAD stdio_redirect/stdio_io.o
LOAD stdio_start.o
LOAD thirdparty/wireless/ble_sdk/applications/app_bsp/saml21_xpro/app_bsp.o
LOAD thirdparty/wireless/ble_sdk/ble_services/ble_mgr/ble_manager.o
LOAD thirdparty/wireless/ble_sdk/services/serial/uart/sam0/serial_drv.o
LOAD thirdparty/wireless/ble_sdk/src/platform.o
START GROUP
LOAD ../thirdparty/wireless/ble_sdk/lib/cm0p/gcc\libble_sdk.a
LOAD c:/program files (x86)/atmel/studio/7.0/toolchain/arm/arm-gnu-toolchain/bin/../lib/gcc/arm-none-eabi/4.9.3/../../../../arm-none-eabi/lib/armv6-m\libm.a
END GROUP
START GROUP
LOAD c:/program files (x86)/atmel/studio/7.0/toolchain/arm/arm-gnu-toolchain/bin/../lib/gcc/arm-none-eabi/4.9.3/armv6-m\libgcc.a
LOAD c:/program files (x86)/atmel/studio/7.0/toolchain/arm/arm-gnu-toolchain/bin/../lib/gcc/arm-none-eabi/4.9.3/../../../../arm-none-eabi/lib/armv6-m\libc_nano.a
END GROUP
START GROUP
LOAD c:/program files (x86)/atmel/studio/7.0/toolchain/arm/arm-gnu-toolchain/bin/../lib/gcc/arm-none-eabi/4.9.3/armv6-m\libgcc.a
LOAD c:/program files (x86)/atmel/studio/7.0/toolchain/arm/arm-gnu-toolchain/bin/../lib/gcc/arm-none-eabi/4.9.3/../../../../arm-none-eabi/lib/armv6-m\libc_nano.a
END GROUP
LOAD c:/program files (x86)/atmel/studio/7.0/toolchain/arm/arm-gnu-toolchain/bin/../lib/gcc/arm-none-eabi/4.9.3/armv6-m/crtend.o
LOAD c:/program files (x86)/atmel/studio/7.0/toolchain/arm/arm-gnu-toolchain/bin/../lib/gcc/arm-none-eabi/4.9.3/armv6-m/crtn.o
                0x00002000                STACK_SIZE = DEFINED (STACK_SIZE)?STACK_SIZE:DEFINED (__stack_size__)?__stack_size__:0x2000

.text           0x00000000     0xc7c0
                0x00000000                . = ALIGN (0x4)
                0x00000000                _sfixed = .
 *(.vectors .vectors.*)
 .vectors       0x00000000       0xb4 Device_Startup/startup_saml21.o
                0x00000000                exception_table
 *(.text .text.* .gnu.linkonce.t.*)
 .text          0x000000b4       0x60 c:/program files (x86)/atmel/studio/7.0/toolchain/arm/arm-gnu-toolchain/bin/../lib/gcc/arm-none-eabi/4.9.3/armv6-m/crtbegin.o
 .text.BLE_FC_UART_CLOCK_init
                0x00000114       0x20 atmel_start.o
                0x00000114                BLE_FC_UART_CLOCK_init
 .text.BLE_FC_UART_PORT_init
                0x00000134       0x34 atmel_start.o
                0x00000134                BLE_FC_UART_PORT_init
 .text.BLE_FC_UART_init
                0x00000168       0x30 atmel_start.o
                0x00000168                BLE_FC_UART_init
 .text.CONSOLE_UART_PORT_init
                0x00000198       0x20 atmel_start.o
                0x00000198                CONSOLE_UART_PORT_init
 .text.CONSOLE_UART_CLOCK_init
                0x000001b8       0x20 atmel_start.o
                0x000001b8                CONSOLE_UART_CLOCK_init
 .text.CONSOLE_UART_init
                0x000001d8       0x28 atmel_start.o
                0x000001d8                CONSOLE_UART_init
 .text.BLE_UART_CLOCK_init
                0x00000200       0x20 atmel_start.o
                0x00000200                BLE_UART_CLOCK_init
 .text.BLE_UART_PORT_init
                0x00000220       0x20 atmel_start.o
                0x00000220                BLE_UART_PORT_init
 .text.BLE_UART_init
                0x00000240       0x34 atmel_start.o
                0x00000240                BLE_UART_init
 .text.EXTERNAL_IRQ_0_init
                0x00000274       0x54 atmel_start.o
                0x00000274                EXTERNAL_IRQ_0_init
 .text.SERCOM0_Handler
                0x000002c8       0x20 atmel_start.o
                0x000002c8                SERCOM0_Handler
 .text.SERCOM3_Handler
                0x000002e8       0x20 atmel_start.o
                0x000002e8                SERCOM3_Handler
 .text.SERCOM4_Handler
                0x00000308       0x20 atmel_start.o
                0x00000308                SERCOM4_Handler
 .text.TC0_Handler
                0x00000328       0x20 atmel_start.o
                0x00000328                TC0_Handler
 .text.EIC_Handler
                0x00000348       0x20 atmel_start.o
                0x00000348                EIC_Handler
 .text.system_init
                0x00000368       0xf0 atmel_start.o
                0x00000368                system_init
 .text.ble_wakeup_pin_set_low
                0x00000458       0x14 ble_config.o
                0x00000458                ble_wakeup_pin_set_low
 .text.ble_wakeup_pin_set_high
                0x0000046c       0x14 ble_config.o
                0x0000046c                ble_wakeup_pin_set_high
 .text.ble_enable_pin_set_low
                0x00000480       0x14 ble_config.o
                0x00000480                ble_enable_pin_set_low
 .text.ble_enable_pin_set_high
                0x00000494       0x14 ble_config.o
                0x00000494                ble_enable_pin_set_high
 .text.ble_configure_control_pin
                0x000004a8       0x5c ble_config.o
                0x000004a8                ble_configure_control_pin
 .text.button_cb
                0x00000504        0xc ble_observer.o
 .text.app_timer2_cb
                0x00000510        0x4 ble_observer.o
 .text.startBeacon
                0x00000514       0x70 ble_observer.o
 .text.ble_observer_scan_info_handler
                0x00000584      0x5dc ble_observer.o
                0x00000584                ble_observer_scan_info_handler
 .text.ble_observer_scan_data_handler
                0x00000b60       0x40 ble_observer.o
                0x00000b60                ble_observer_scan_data_handler
 .text.main     0x00000ba0       0xd4 ble_observer.o
                0x00000ba0                main
 .text.Dummy_Handler
                0x00000c74        0x4 Device_Startup/startup_saml21.o
                0x00000c74                DMAC_Handler
                0x00000c74                TRNG_Handler
                0x00000c74                HardFault_Handler
                0x00000c74                TC2_Handler
                0x00000c74                AC_Handler
                0x00000c74                SysTick_Handler
                0x00000c74                PendSV_Handler
                0x00000c74                NMI_Handler
                0x00000c74                SERCOM1_Handler
                0x00000c74                ADC_Handler
                0x00000c74                TCC1_Handler
                0x00000c74                SERCOM2_Handler
                0x00000c74                TCC0_Handler
                0x00000c74                RTC_Handler
                0x00000c74                WDT_Handler
                0x00000c74                TC4_Handler
                0x00000c74                TC1_Handler
                0x00000c74                USB_Handler
                0x00000c74                TC3_Handler
                0x00000c74                Dummy_Handler
                0x00000c74                SERCOM5_Handler
                0x00000c74                SVC_Handler
                0x00000c74                TCC2_Handler
                0x00000c74                EVSYS_Handler
                0x00000c74                NVMCTRL_Handler
                0x00000c74                SYSTEM_Handler
                0x00000c74                DAC_Handler
                0x00000c74                PTC_Handler
                0x00000c74                AES_Handler
 .text.Reset_Handler
                0x00000c78       0xa8 Device_Startup/startup_saml21.o
                0x00000c78                Reset_Handler
 .text.atomic_enter_critical
                0x00000d20       0x10 hal/src/hal_atomic.o
                0x00000d20                atomic_enter_critical
 .text.atomic_leave_critical
                0x00000d30        0xc hal/src/hal_atomic.o
                0x00000d30                atomic_leave_critical
 .text.delay_init
                0x00000d3c       0x14 hal/src/hal_delay.o
                0x00000d3c                delay_init
 .text.delay_ms
                0x00000d50       0x20 hal/src/hal_delay.o
                0x00000d50                delay_ms
 .text.process_ext_irq
                0x00000d70       0x44 hal/src/hal_ext_irq.o
 .text.ext_irq_init
                0x00000db4       0x24 hal/src/hal_ext_irq.o
                0x00000db4                ext_irq_init
 .text.ext_irq_register
                0x00000dd8       0x7c hal/src/hal_ext_irq.o
                0x00000dd8                ext_irq_register
 .text.io_write
                0x00000e54       0x34 hal/src/hal_io.o
                0x00000e54                io_write
 .text.io_read  0x00000e88       0x34 hal/src/hal_io.o
                0x00000e88                io_read
 .text.timer_add_timer_task
                0x00000ebc       0x6c hal/src/hal_timer.o
 .text.timer_process_counted
                0x00000f28       0x8c hal/src/hal_timer.o
 .text.timer_init
                0x00000fb4       0x40 hal/src/hal_timer.o
                0x00000fb4                timer_init
 .text.timer_start
                0x00000ff4       0x3c hal/src/hal_timer.o
                0x00000ff4                timer_start
 .text.timer_add_task
                0x00001030       0xa8 hal/src/hal_timer.o
                0x00001030                timer_add_task
 .text.timer_remove_task
                0x000010d8       0xa0 hal/src/hal_timer.o
                0x000010d8                timer_remove_task
 .text.usart_transmission_complete
                0x00001178       0x14 hal/src/hal_usart_async.o
 .text.usart_error
                0x0000118c       0x14 hal/src/hal_usart_async.o
 .text.usart_fill_rx_buffer
                0x000011a0       0x24 hal/src/hal_usart_async.o
 .text.usart_async_write
                0x000011c4       0x64 hal/src/hal_usart_async.o
 .text.usart_process_byte_sent
                0x00001228       0x40 hal/src/hal_usart_async.o
 .text.usart_async_read
                0x00001268       0xf4 hal/src/hal_usart_async.o
 .text.usart_async_init
                0x0000135c       0x9c hal/src/hal_usart_async.o
                0x0000135c                usart_async_init
 .text.usart_async_deinit
                0x000013f8       0x30 hal/src/hal_usart_async.o
                0x000013f8                usart_async_deinit
 .text.usart_async_enable
                0x00001428       0x2c hal/src/hal_usart_async.o
                0x00001428                usart_async_enable
 .text.usart_async_disable
                0x00001454       0x2c hal/src/hal_usart_async.o
                0x00001454                usart_async_disable
 .text.usart_async_get_io_descriptor
                0x00001480       0x2c hal/src/hal_usart_async.o
                0x00001480                usart_async_get_io_descriptor
 .text.usart_async_register_callback
                0x000014ac       0x78 hal/src/hal_usart_async.o
                0x000014ac                usart_async_register_callback
 .text.usart_async_set_flow_control
                0x00001524       0x30 hal/src/hal_usart_async.o
                0x00001524                usart_async_set_flow_control
 .text.usart_async_is_tx_empty
                0x00001554       0x2c hal/src/hal_usart_async.o
                0x00001554                usart_async_is_tx_empty
 .text.usart_sync_write
                0x00001580       0x74 hal/src/hal_usart_sync.o
 .text.usart_sync_read
                0x000015f4       0x60 hal/src/hal_usart_sync.o
 .text.usart_sync_init
                0x00001654       0x48 hal/src/hal_usart_sync.o
                0x00001654                usart_sync_init
 .text.usart_sync_enable
                0x0000169c       0x2c hal/src/hal_usart_sync.o
                0x0000169c                usart_sync_enable
 .text.assert   0x000016c8        0x8 hal/utils/src/utils_assert.o
                0x000016c8                assert
 .text.is_list_element
                0x000016d0       0x28 hal/utils/src/utils_list.o
                0x000016d0                is_list_element
 .text.list_insert_as_head
                0x000016f8       0x2c hal/utils/src/utils_list.o
                0x000016f8                list_insert_as_head
 .text.list_insert_after
                0x00001724        0x8 hal/utils/src/utils_list.o
                0x00001724                list_insert_after
 .text.list_remove_head
                0x0000172c       0x10 hal/utils/src/utils_list.o
                0x0000172c                list_remove_head
 .text.list_delete_element
                0x0000173c       0x40 hal/utils/src/utils_list.o
                0x0000173c                list_delete_element
 .text.ringbuffer_init
                0x0000177c       0x58 hal/utils/src/utils_ringbuffer.o
                0x0000177c                ringbuffer_init
 .text.ringbuffer_get
                0x000017d4       0x48 hal/utils/src/utils_ringbuffer.o
                0x000017d4                ringbuffer_get
 .text.ringbuffer_put
                0x0000181c       0x40 hal/utils/src/utils_ringbuffer.o
                0x0000181c                ringbuffer_put
 .text.ringbuffer_num
                0x0000185c       0x24 hal/utils/src/utils_ringbuffer.o
                0x0000185c                ringbuffer_num
 .text._sbrk    0x00001880       0x24 hal/utils/src/utils_syscalls.o
                0x00001880                _sbrk
 .text._close   0x000018a4        0x8 hal/utils/src/utils_syscalls.o
                0x000018a4                _close
 .text._fstat   0x000018ac        0xc hal/utils/src/utils_syscalls.o
                0x000018ac                _fstat
 .text._isatty  0x000018b8        0x4 hal/utils/src/utils_syscalls.o
                0x000018b8                _isatty
 .text._lseek   0x000018bc        0x4 hal/utils/src/utils_syscalls.o
                0x000018bc                _lseek
 .text._irq_disable
                0x000018c0       0x18 hpl/core/hpl_core_m0plus_base.o
                0x000018c0                _irq_disable
 .text._irq_set
                0x000018d8       0x18 hpl/core/hpl_core_m0plus_base.o
                0x000018d8                _irq_set
 .text._irq_clear
                0x000018f0       0x18 hpl/core/hpl_core_m0plus_base.o
                0x000018f0                _irq_clear
 .text._irq_enable
                0x00001908       0x14 hpl/core/hpl_core_m0plus_base.o
                0x00001908                _irq_enable
 .text._irq_register
                0x0000191c       0x2c hpl/core/hpl_core_m0plus_base.o
                0x0000191c                _irq_register
 .text.Default_Handler
                0x00001948        0x4 hpl/core/hpl_core_m0plus_base.o
                0x00001948                Default_Handler
 .text._get_cycles_for_ms
                0x0000194c       0x1c hpl/core/hpl_core_m0plus_base.o
                0x0000194c                _get_cycles_for_ms
 .text._delay_init
                0x00001968        0x4 hpl/core/hpl_core_m0plus_base.o
                0x00001968                _delay_init
 .text._delay_cycles
                0x0000196c        0x8 hpl/core/hpl_core_m0plus_base.o
                0x0000196c                _delay_cycles
 .text._init_chip
                0x00001974       0x44 hpl/core/hpl_init.o
                0x00001974                _init_chip
 .text._ext_irq_handler
                0x000019b8       0xec hpl/eic/hpl_eic2_v100.o
 .text._ext_irq_init
                0x00001aa4       0xc0 hpl/eic/hpl_eic2_v100.o
                0x00001aa4                _ext_irq_init
 .text._ext_irq_enable
                0x00001b64       0x28 hpl/eic/hpl_eic2_v100.o
                0x00001b64                _ext_irq_enable
 .text._gclk_init_generators
                0x00001b8c       0x18 hpl/gclk/hpl_gclk2_v111.o
                0x00001b8c                _gclk_init_generators
 .text._mclk_init
                0x00001ba4       0x14 hpl/mclk/hpl_mclk_v101.o
                0x00001ba4                _mclk_init
 .text._osc32kctrl_init_sources
                0x00001bb8       0x20 hpl/osc32kctrl/hpl_osc32kctrl_v110.o
                0x00001bb8                _osc32kctrl_init_sources
 .text._oscctrl_init_sources
                0x00001bd8       0x18 hpl/oscctrl/hpl_oscctrl_v110.o
                0x00001bd8                _oscctrl_init_sources
 .text._oscctrl_init_referenced_generators
                0x00001bf0       0x80 hpl/oscctrl/hpl_oscctrl_v110.o
                0x00001bf0                _oscctrl_init_referenced_generators
 .text._set_performance_level
                0x00001c70       0x20 hpl/pm/hpl_pm2_v102.o
                0x00001c70                _set_performance_level
 .text._gpio_set_direction
                0x00001c90       0xa4 hpl/port/hpl_port_v201.o
                0x00001c90                _gpio_set_direction
 .text._gpio_set_level
                0x00001d34       0x24 hpl/port/hpl_port_v201.o
                0x00001d34                _gpio_set_level
 .text._gpio_toggle_level
                0x00001d58       0x10 hpl/port/hpl_port_v201.o
                0x00001d58                _gpio_toggle_level
 .text._gpio_set_pin_pull_mode
                0x00001d68       0x80 hpl/port/hpl_port_v201.o
                0x00001d68                _gpio_set_pin_pull_mode
 .text._gpio_set_pin_function
                0x00001de8       0x84 hpl/port/hpl_port_v201.o
                0x00001de8                _gpio_set_pin_function
 .text._sercom_usart_interrupt_handler
                0x00001e6c       0x64 hpl/sercom/hpl_sercom_v220.o
 .text._sercom_get_irq_num
                0x00001ed0       0x18 hpl/sercom/hpl_sercom_v220.o
 .text._usart_init
                0x00001ee8      0x10c hpl/sercom/hpl_sercom_v220.o
 .text._usart_sync_init
                0x00001ff4       0x2c hpl/sercom/hpl_sercom_v220.o
                0x00001ff4                _usart_sync_init
 .text._usart_async_init
                0x00002020       0x70 hpl/sercom/hpl_sercom_v220.o
                0x00002020                _usart_async_init
 .text._usart_async_deinit
                0x00002090       0x3c hpl/sercom/hpl_sercom_v220.o
                0x00002090                _usart_async_deinit
 .text._usart_sync_enable
                0x000020cc       0x14 hpl/sercom/hpl_sercom_v220.o
                0x000020cc                _usart_sync_enable
 .text._usart_async_enable
                0x000020e0       0x14 hpl/sercom/hpl_sercom_v220.o
                0x000020e0                _usart_async_enable
 .text._usart_async_disable
                0x000020f4       0x14 hpl/sercom/hpl_sercom_v220.o
                0x000020f4                _usart_async_disable
 .text._usart_sync_write_byte
                0x00002108        0x8 hpl/sercom/hpl_sercom_v220.o
                0x00002108                _usart_sync_write_byte
 .text._usart_async_write_byte
                0x00002110        0x8 hpl/sercom/hpl_sercom_v220.o
                0x00002110                _usart_async_write_byte
 .text._usart_sync_read_byte
                0x00002118        0x8 hpl/sercom/hpl_sercom_v220.o
                0x00002118                _usart_sync_read_byte
 .text._usart_sync_is_byte_sent
                0x00002120        0xc hpl/sercom/hpl_sercom_v220.o
                0x00002120                _usart_sync_is_byte_sent
 .text._usart_async_is_byte_sent
                0x0000212c        0xc hpl/sercom/hpl_sercom_v220.o
                0x0000212c                _usart_async_is_byte_sent
 .text._usart_sync_is_byte_received
                0x00002138        0xc hpl/sercom/hpl_sercom_v220.o
                0x00002138                _usart_sync_is_byte_received
 .text._usart_async_set_flow_control_state
                0x00002144        0x4 hpl/sercom/hpl_sercom_v220.o
                0x00002144                _usart_async_set_flow_control_state
 .text._usart_async_enable_byte_sent_irq
                0x00002148        0x8 hpl/sercom/hpl_sercom_v220.o
                0x00002148                _usart_async_enable_byte_sent_irq
 .text._usart_async_enable_tx_done_irq
                0x00002150        0x8 hpl/sercom/hpl_sercom_v220.o
                0x00002150                _usart_async_enable_tx_done_irq
 .text._usart_async_set_irq_state
                0x00002158       0x64 hpl/sercom/hpl_sercom_v220.o
                0x00002158                _usart_async_set_irq_state
 .text.tc_interrupt_handler
                0x000021bc       0x14 hpl/tc/hpl_tc2_v200_base.o
 .text._timer_init
                0x000021d0      0x16c hpl/tc/hpl_tc2_v200_base.o
                0x000021d0                _timer_init
 .text._timer_start
                0x0000233c       0x14 hpl/tc/hpl_tc2_v200_base.o
                0x0000233c                _timer_start
 .text._timer_is_started
                0x00002350       0x14 hpl/tc/hpl_tc2_v200_base.o
                0x00002350                _timer_is_started
 .text._tc_get_timer
                0x00002364        0x4 hpl/tc/hpl_tc2_v200_base.o
                0x00002364                _tc_get_timer
 .text._timer_set_irq
                0x00002368       0x20 hpl/tc/hpl_tc2_v200_base.o
                0x00002368                _timer_set_irq
 .text._read    0x00002388       0x24 stdio_redirect/gcc/read.o
                0x00002388                _read
 .text._write   0x000023ac       0x28 stdio_redirect/gcc/write.o
                0x000023ac                _write
 .text.stdio_io_init
                0x000023d4       0x2c stdio_redirect/stdio_io.o
                0x000023d4                stdio_io_init
 .text.stdio_io_read
                0x00002400       0x24 stdio_redirect/stdio_io.o
                0x00002400                stdio_io_read
 .text.stdio_io_write
                0x00002424       0x24 stdio_redirect/stdio_io.o
                0x00002424                stdio_io_write
 .text.ble_app_timer1_cb
                0x00002448       0x14 thirdparty/wireless/ble_sdk/applications/app_bsp/saml21_xpro/app_bsp.o
 .text.ble_app_timer2_cb
                0x0000245c       0x14 thirdparty/wireless/ble_sdk/applications/app_bsp/saml21_xpro/app_bsp.o
 .text.ble_app_timer3_cb
                0x00002470       0x14 thirdparty/wireless/ble_sdk/applications/app_bsp/saml21_xpro/app_bsp.o
 .text.bsp_init
                0x00002484        0xc thirdparty/wireless/ble_sdk/applications/app_bsp/saml21_xpro/app_bsp.o
                0x00002484                bsp_init
 .text.serial_console_init
                0x00002490       0x20 thirdparty/wireless/ble_sdk/applications/app_bsp/saml21_xpro/app_bsp.o
                0x00002490                serial_console_init
 .text.LED_init
                0x000024b0       0x40 thirdparty/wireless/ble_sdk/applications/app_bsp/saml21_xpro/app_bsp.o
                0x000024b0                LED_init
 .text.LED_Toggle
                0x000024f0       0x14 thirdparty/wireless/ble_sdk/applications/app_bsp/saml21_xpro/app_bsp.o
                0x000024f0                LED_Toggle
 .text.button_register_callback
                0x00002504       0x10 thirdparty/wireless/ble_sdk/applications/app_bsp/saml21_xpro/app_bsp.o
                0x00002504                button_register_callback
 .text.ble_timer_start
                0x00002514       0xb0 thirdparty/wireless/ble_sdk/applications/app_bsp/saml21_xpro/app_bsp.o
                0x00002514                ble_timer_start
 .text.ble_timer_stop
                0x000025c4       0x74 thirdparty/wireless/ble_sdk/applications/app_bsp/saml21_xpro/app_bsp.o
                0x000025c4                ble_timer_stop
 .text.platform_configure_timer
                0x00002638        0xc thirdparty/wireless/ble_sdk/applications/app_bsp/saml21_xpro/app_bsp.o
                0x00002638                platform_configure_timer
 .text.platform_start_bus_timer
                0x00002644       0x24 thirdparty/wireless/ble_sdk/applications/app_bsp/saml21_xpro/app_bsp.o
                0x00002644                platform_start_bus_timer
 .text.platform_stop_bus_timer
                0x00002668       0x10 thirdparty/wireless/ble_sdk/applications/app_bsp/saml21_xpro/app_bsp.o
                0x00002668                platform_stop_bus_timer
 .text.ble_undefined_event_handler
                0x00002678        0x4 thirdparty/wireless/ble_sdk/ble_services/ble_mgr/ble_manager.o
                0x00002678                ble_undefined_event_handler
 .text.ble_mtu_changed_indication_handler
                0x0000267c        0x4 thirdparty/wireless/ble_sdk/ble_services/ble_mgr/ble_manager.o
                0x0000267c                ble_mtu_changed_indication_handler
 .text.ble_characteristic_write_cmd_complete_handler
                0x00002680        0xc thirdparty/wireless/ble_sdk/ble_services/ble_mgr/ble_manager.o
                0x00002680                ble_characteristic_write_cmd_complete_handler
 .text.ble_conn_param_update
                0x0000268c        0x4 thirdparty/wireless/ble_sdk/ble_services/ble_mgr/ble_manager.o
                0x0000268c                ble_conn_param_update
 .text.ble_scan_report_handler
                0x00002690       0x28 thirdparty/wireless/ble_sdk/ble_services/ble_mgr/ble_manager.o
                0x00002690                ble_scan_report_handler
 .text.ble_mtu_changed_cmd_complete_handler
                0x000026b8       0x30 thirdparty/wireless/ble_sdk/ble_services/ble_mgr/ble_manager.o
                0x000026b8                ble_mtu_changed_cmd_complete_handler
 .text.ble_disconnected_state_handler
                0x000026e8       0x88 thirdparty/wireless/ble_sdk/ble_services/ble_mgr/ble_manager.o
                0x000026e8                ble_disconnected_state_handler
 .text.ble_encryption_status_change_handler
                0x00002770       0xbc thirdparty/wireless/ble_sdk/ble_services/ble_mgr/ble_manager.o
                0x00002770                ble_encryption_status_change_handler
 .text.ble_scan_info_handler
                0x0000282c       0x80 thirdparty/wireless/ble_sdk/ble_services/ble_mgr/ble_manager.o
                0x0000282c                ble_scan_info_handler
 .text.ble_pair_done_handler
                0x000028ac      0x120 thirdparty/wireless/ble_sdk/ble_services/ble_mgr/ble_manager.o
                0x000028ac                ble_pair_done_handler
 .text.ble_conn_param_update_req
                0x000029cc       0x18 thirdparty/wireless/ble_sdk/ble_services/ble_mgr/ble_manager.o
                0x000029cc                ble_conn_param_update_req
 .text.ble_slave_security_request_handler
                0x000029e4      0x1e8 thirdparty/wireless/ble_sdk/ble_services/ble_mgr/ble_manager.o
                0x000029e4                ble_slave_security_request_handler
 .text.ble_pair_request_handler
                0x00002bcc      0x154 thirdparty/wireless/ble_sdk/ble_services/ble_mgr/ble_manager.o
                0x00002bcc                ble_pair_request_handler
 .text.ble_pair_key_request_handler
                0x00002d20      0x100 thirdparty/wireless/ble_sdk/ble_services/ble_mgr/ble_manager.o
                0x00002d20                ble_pair_key_request_handler
 .text.ble_encryption_request_handler
                0x00002e20       0xf0 thirdparty/wireless/ble_sdk/ble_services/ble_mgr/ble_manager.o
                0x00002e20                ble_encryption_request_handler
 .text.ble_mgr_events_callback_handler
                0x00002f10       0xd0 thirdparty/wireless/ble_sdk/ble_services/ble_mgr/ble_manager.o
                0x00002f10                ble_mgr_events_callback_handler
 .text.ble_device_init
                0x00002fe0      0x270 thirdparty/wireless/ble_sdk/ble_services/ble_mgr/ble_manager.o
                0x00002fe0                ble_device_init
 .text.ble_send_slave_sec_request
                0x00003250       0x34 thirdparty/wireless/ble_sdk/ble_services/ble_mgr/ble_manager.o
                0x00003250                ble_send_slave_sec_request
 .text.ble_connected_state_handler
                0x00003284      0x240 thirdparty/wireless/ble_sdk/ble_services/ble_mgr/ble_manager.o
                0x00003284                ble_connected_state_handler
 .text.ble_resolv_rand_addr_handler
                0x000034c4      0x130 thirdparty/wireless/ble_sdk/ble_services/ble_mgr/ble_manager.o
                0x000034c4                ble_resolv_rand_addr_handler
 .text.ble_event_manager
                0x000035f4      0x118 thirdparty/wireless/ble_sdk/ble_services/ble_mgr/ble_manager.o
                0x000035f4                ble_event_manager
 .text.serial_drv_read_cb
                0x0000370c       0x2c thirdparty/wireless/ble_sdk/services/serial/uart/sam0/serial_drv.o
 .text.configure_serial_drv
                0x00003738       0x50 thirdparty/wireless/ble_sdk/services/serial/uart/sam0/serial_drv.o
                0x00003738                configure_serial_drv
 .text.configure_usart_after_patch
                0x00003788       0x74 thirdparty/wireless/ble_sdk/services/serial/uart/sam0/serial_drv.o
                0x00003788                configure_usart_after_patch
 .text.platform_serial_drv_tx_status
                0x000037fc       0x34 thirdparty/wireless/ble_sdk/services/serial/uart/sam0/serial_drv.o
                0x000037fc                platform_serial_drv_tx_status
 .text.serial_drv_write_cb
                0x00003830       0x1c thirdparty/wireless/ble_sdk/services/serial/uart/sam0/serial_drv.o
 .text.serial_drv_send
                0x0000384c       0x48 thirdparty/wireless/ble_sdk/services/serial/uart/sam0/serial_drv.o
                0x0000384c                serial_drv_send
 .text.platform_init
                0x00003894       0x28 thirdparty/wireless/ble_sdk/src/platform.o
                0x00003894                platform_init
 .text.platform_send_sync
                0x000038bc       0x1c thirdparty/wireless/ble_sdk/src/platform.o
                0x000038bc                platform_send_sync
 .text.platform_gpio_set
                0x000038d8       0x3c thirdparty/wireless/ble_sdk/src/platform.o
                0x000038d8                platform_gpio_set
 .text.platform_recv_async
                0x00003914       0x14 thirdparty/wireless/ble_sdk/src/platform.o
                0x00003914                platform_recv_async
 .text.platform_process_rxdata
                0x00003928       0x2c thirdparty/wireless/ble_sdk/src/platform.o
                0x00003928                platform_process_rxdata
 .text.platform_enter_critical_section
                0x00003954       0x14 thirdparty/wireless/ble_sdk/src/platform.o
                0x00003954                platform_enter_critical_section
 .text.platform_leave_critical_section
                0x00003968       0x14 thirdparty/wireless/ble_sdk/src/platform.o
                0x00003968                platform_leave_critical_section
 .text.platform_configure_hw_fc_uart
                0x0000397c        0xc thirdparty/wireless/ble_sdk/src/platform.o
                0x0000397c                platform_configure_hw_fc_uart
 .text.platform_create_timer
                0x00003988       0x14 thirdparty/wireless/ble_sdk/src/platform.o
                0x00003988                platform_create_timer
 .text.platform_delete_timer
                0x0000399c        0xc thirdparty/wireless/ble_sdk/src/platform.o
                0x0000399c                platform_delete_timer
 .text.platform_start_timer
                0x000039a8       0x20 thirdparty/wireless/ble_sdk/src/platform.o
                0x000039a8                platform_start_timer
 .text.platform_stop_timer
                0x000039c8       0x1c thirdparty/wireless/ble_sdk/src/platform.o
                0x000039c8                platform_stop_timer
 .text.platform_sleep
                0x000039e4       0x10 thirdparty/wireless/ble_sdk/src/platform.o
                0x000039e4                platform_sleep
 .text.internal_event_post
                0x000039f4       0x3c ../thirdparty/wireless/ble_sdk/lib/cm0p/gcc\libble_sdk.a(event.o)
                0x000039f4                internal_event_post
 .text.internal_event_init
                0x00003a30       0x38 ../thirdparty/wireless/ble_sdk/lib/cm0p/gcc\libble_sdk.a(event.o)
                0x00003a30                internal_event_init
 .text.special_events_handler
                0x00003a68       0xa8 ../thirdparty/wireless/ble_sdk/lib/cm0p/gcc\libble_sdk.a(event.o)
                0x00003a68                special_events_handler
 .text.at_ble_event_get
                0x00003b10      0x5e4 ../thirdparty/wireless/ble_sdk/lib/cm0p/gcc\libble_sdk.a(event.o)
                0x00003b10                at_ble_event_get
 .text.internal_event_flush
                0x000040f4       0x44 ../thirdparty/wireless/ble_sdk/lib/cm0p/gcc\libble_sdk.a(event.o)
                0x000040f4                internal_event_flush
 .text.internal_conn_flush
                0x00004138       0x54 ../thirdparty/wireless/ble_sdk/lib/cm0p/gcc\libble_sdk.a(event.o)
                0x00004138                internal_conn_flush
 .text.at_ble_device_name_set
                0x0000418c       0x5c ../thirdparty/wireless/ble_sdk/lib/cm0p/gcc\libble_sdk.a(gap.o)
                0x0000418c                at_ble_device_name_set
 .text.at_ble_addr_get
                0x000041e8       0x24 ../thirdparty/wireless/ble_sdk/lib/cm0p/gcc\libble_sdk.a(gap.o)
                0x000041e8                at_ble_addr_get
 .text.at_ble_set_dev_config
                0x0000420c      0x104 ../thirdparty/wireless/ble_sdk/lib/cm0p/gcc\libble_sdk.a(gap.o)
                0x0000420c                at_ble_set_dev_config
 .text.at_ble_init
                0x00004310      0x168 ../thirdparty/wireless/ble_sdk/lib/cm0p/gcc\libble_sdk.a(gap.o)
                0x00004310                at_ble_init
 .text.at_ble_addr_set
                0x00004478       0x54 ../thirdparty/wireless/ble_sdk/lib/cm0p/gcc\libble_sdk.a(gap.o)
                0x00004478                at_ble_addr_set
 .text.at_ble_adv_data_set
                0x000044cc       0x84 ../thirdparty/wireless/ble_sdk/lib/cm0p/gcc\libble_sdk.a(gap.o)
                0x000044cc                at_ble_adv_data_set
 .text.at_ble_adv_start
                0x00004550      0x13c ../thirdparty/wireless/ble_sdk/lib/cm0p/gcc\libble_sdk.a(gap.o)
                0x00004550                at_ble_adv_start
 .text.at_ble_scan_stop
                0x0000468c       0x20 ../thirdparty/wireless/ble_sdk/lib/cm0p/gcc\libble_sdk.a(gap.o)
                0x0000468c                at_ble_scan_stop
 .text.at_ble_disconnect
                0x000046ac       0x20 ../thirdparty/wireless/ble_sdk/lib/cm0p/gcc\libble_sdk.a(gap.o)
                0x000046ac                at_ble_disconnect
 .text.at_ble_conn_update_reply
                0x000046cc       0x40 ../thirdparty/wireless/ble_sdk/lib/cm0p/gcc\libble_sdk.a(gap.o)
                0x000046cc                at_ble_conn_update_reply
 .text.at_ble_random_address_resolve
                0x0000470c       0x28 ../thirdparty/wireless/ble_sdk/lib/cm0p/gcc\libble_sdk.a(gap.o)
                0x0000470c                at_ble_random_address_resolve
 .text.at_ble_uuid_len2type
                0x00004734       0x14 ../thirdparty/wireless/ble_sdk/lib/cm0p/gcc\libble_sdk.a(gap.o)
                0x00004734                at_ble_uuid_len2type
 .text.db_searchATT
                0x00004748       0x40 ../thirdparty/wireless/ble_sdk/lib/cm0p/gcc\libble_sdk.a(gatt_server.o)
 .text.at_ble_read_authorize_reply.part.2
                0x00004788       0x30 ../thirdparty/wireless/ble_sdk/lib/cm0p/gcc\libble_sdk.a(gatt_server.o)
 .text.db_init  0x000047b8       0x38 ../thirdparty/wireless/ble_sdk/lib/cm0p/gcc\libble_sdk.a(gatt_server.o)
                0x000047b8                db_init
 .text.at_ble_characteristic_value_set
                0x000047f0       0x3c ../thirdparty/wireless/ble_sdk/lib/cm0p/gcc\libble_sdk.a(gatt_server.o)
                0x000047f0                at_ble_characteristic_value_set
 .text.at_ble_characteristic_value_get
                0x0000482c       0x40 ../thirdparty/wireless/ble_sdk/lib/cm0p/gcc\libble_sdk.a(gatt_server.o)
                0x0000482c                at_ble_characteristic_value_get
 .text.at_ble_write_authorize_reply
                0x0000486c       0x88 ../thirdparty/wireless/ble_sdk/lib/cm0p/gcc\libble_sdk.a(gatt_server.o)
                0x0000486c                at_ble_write_authorize_reply
 .text.gatts_handle_read_req
                0x000048f4       0x30 ../thirdparty/wireless/ble_sdk/lib/cm0p/gcc\libble_sdk.a(gatt_server.o)
                0x000048f4                gatts_handle_read_req
 .text.gatts_handle_att_info_req
                0x00004924       0x3c ../thirdparty/wireless/ble_sdk/lib/cm0p/gcc\libble_sdk.a(gatt_server.o)
                0x00004924                gatts_handle_att_info_req
 .text.gatts_handle_write_req
                0x00004960       0x30 ../thirdparty/wireless/ble_sdk/lib/cm0p/gcc\libble_sdk.a(gatt_server.o)
                0x00004960                gatts_handle_write_req
 .text.interface_event_timeout_timer_callback
                0x00004990        0xc ../thirdparty/wireless/ble_sdk/lib/cm0p/gcc\libble_sdk.a(interface.o)
 .text.interface_create_timer
                0x0000499c       0x2c ../thirdparty/wireless/ble_sdk/lib/cm0p/gcc\libble_sdk.a(interface.o)
 .text.interface_timer_callback
                0x000049c8       0x70 ../thirdparty/wireless/ble_sdk/lib/cm0p/gcc\libble_sdk.a(interface.o)
 .text.interface_start_timer.part.1
                0x00004a38       0x24 ../thirdparty/wireless/ble_sdk/lib/cm0p/gcc\libble_sdk.a(interface.o)
 .text.interface_stop_timer
                0x00004a5c       0x48 ../thirdparty/wireless/ble_sdk/lib/cm0p/gcc\libble_sdk.a(interface.o)
 .text.interface_check_and_assert_ext_wakeup
                0x00004aa4       0x60 ../thirdparty/wireless/ble_sdk/lib/cm0p/gcc\libble_sdk.a(interface.o)
 .text.interface_recv_async
                0x00004b04       0x68 ../thirdparty/wireless/ble_sdk/lib/cm0p/gcc\libble_sdk.a(interface.o)
                0x00004b04                interface_recv_async
 .text.interface_bus_activity_timer_callback
                0x00004b6c       0x58 ../thirdparty/wireless/ble_sdk/lib/cm0p/gcc\libble_sdk.a(interface.o)
 .text.interface_handle_received_data
                0x00004bc4      0x28c ../thirdparty/wireless/ble_sdk/lib/cm0p/gcc\libble_sdk.a(interface.o)
                0x00004bc4                interface_handle_received_data
 .text.interface_send_sync
                0x00004e50       0x4c ../thirdparty/wireless/ble_sdk/lib/cm0p/gcc\libble_sdk.a(interface.o)
                0x00004e50                interface_send_sync
 .text.interface_init
                0x00004e9c      0x154 ../thirdparty/wireless/ble_sdk/lib/cm0p/gcc\libble_sdk.a(interface.o)
                0x00004e9c                interface_init
 .text.interface_event_timeout_start_timer
                0x00004ff0       0x24 ../thirdparty/wireless/ble_sdk/lib/cm0p/gcc\libble_sdk.a(interface.o)
                0x00004ff0                interface_event_timeout_start_timer
 .text.interface_event_timeout_stop_timer
                0x00005014       0x14 ../thirdparty/wireless/ble_sdk/lib/cm0p/gcc\libble_sdk.a(interface.o)
                0x00005014                interface_event_timeout_stop_timer
 .text.interface_cmd_cmpl_timeout_start_timer
                0x00005028       0x24 ../thirdparty/wireless/ble_sdk/lib/cm0p/gcc\libble_sdk.a(interface.o)
                0x00005028                interface_cmd_cmpl_timeout_start_timer
 .text.interface_cmd_cmpl_timeout_stop_timer
                0x0000504c       0x14 ../thirdparty/wireless/ble_sdk/lib/cm0p/gcc\libble_sdk.a(interface.o)
                0x0000504c                interface_cmd_cmpl_timeout_stop_timer
 .text.interface_cmd_cmpl_signal
                0x00005060        0xc ../thirdparty/wireless/ble_sdk/lib/cm0p/gcc\libble_sdk.a(interface.o)
                0x00005060                interface_cmd_cmpl_signal
 .text.interface_event_wait
                0x0000506c       0x48 ../thirdparty/wireless/ble_sdk/lib/cm0p/gcc\libble_sdk.a(interface.o)
                0x0000506c                interface_event_wait
 .text.interface_cmd_cmpl_wait
                0x000050b4       0x44 ../thirdparty/wireless/ble_sdk/lib/cm0p/gcc\libble_sdk.a(interface.o)
                0x000050b4                interface_cmd_cmpl_wait
 .text.l2cc_data_send_rsp_handler
                0x000050f8       0x2c ../thirdparty/wireless/ble_sdk/lib/cm0p/gcc\libble_sdk.a(l2cc_task.o)
                0x000050f8                l2cc_data_send_rsp_handler
 .text.l2cc_data_received_handler
                0x00005124       0x30 ../thirdparty/wireless/ble_sdk/lib/cm0p/gcc\libble_sdk.a(l2cc_task.o)
                0x00005124                l2cc_data_received_handler
 .text.check_enc_process.isra.0
                0x00005154       0xa8 ../thirdparty/wireless/ble_sdk/lib/cm0p/gcc\libble_sdk.a(security.o)
 .text.at_ble_authenticate
                0x000051fc      0x20c ../thirdparty/wireless/ble_sdk/lib/cm0p/gcc\libble_sdk.a(security.o)
                0x000051fc                at_ble_authenticate
 .text.at_ble_pair_key_reply
                0x00005408       0xa8 ../thirdparty/wireless/ble_sdk/lib/cm0p/gcc\libble_sdk.a(security.o)
                0x00005408                at_ble_pair_key_reply
 .text.at_ble_send_slave_sec_request
                0x000054b0       0x84 ../thirdparty/wireless/ble_sdk/lib/cm0p/gcc\libble_sdk.a(security.o)
                0x000054b0                at_ble_send_slave_sec_request
 .text.at_ble_encryption_start
                0x00005534       0xc4 ../thirdparty/wireless/ble_sdk/lib/cm0p/gcc\libble_sdk.a(security.o)
                0x00005534                at_ble_encryption_start
 .text.at_ble_encryption_request_reply
                0x000055f8       0x74 ../thirdparty/wireless/ble_sdk/lib/cm0p/gcc\libble_sdk.a(security.o)
                0x000055f8                at_ble_encryption_request_reply
 .text.patchFuncAndVars
                0x0000566c      0x15c ../thirdparty/wireless/ble_sdk/lib/cm0p/gcc\libble_sdk.a(patch_mem_words.o)
                0x0000566c                patchFuncAndVars
 .text.__printingNullFun
                0x000057c8        0x8 ../thirdparty/wireless/ble_sdk/lib/cm0p/gcc\libble_sdk.a(dbg_logs.o)
 .text.dbg_le_set_bd_addr_req_handler
                0x000057d0       0x6c ../thirdparty/wireless/ble_sdk/lib/cm0p/gcc\libble_sdk.a(dbg_task.o)
                0x000057d0                dbg_le_set_bd_addr_req_handler
 .text.gapc_get_dev_info_cfm.constprop.1
                0x0000583c       0xd8 ../thirdparty/wireless/ble_sdk/lib/cm0p/gcc\libble_sdk.a(gapc_task.o)
 .text.check_ConnData_idx_role
                0x00005914       0x3c ../thirdparty/wireless/ble_sdk/lib/cm0p/gcc\libble_sdk.a(gapc_task.o)
                0x00005914                check_ConnData_idx_role
 .text.check_ConnData_emptyEntry
                0x00005950       0x28 ../thirdparty/wireless/ble_sdk/lib/cm0p/gcc\libble_sdk.a(gapc_task.o)
                0x00005950                check_ConnData_emptyEntry
 .text.gapc_cmp_evt
                0x00005978      0x170 ../thirdparty/wireless/ble_sdk/lib/cm0p/gcc\libble_sdk.a(gapc_task.o)
                0x00005978                gapc_cmp_evt
 .text.gapc_connection_cfm_handler
                0x00005ae8       0xbc ../thirdparty/wireless/ble_sdk/lib/cm0p/gcc\libble_sdk.a(gapc_task.o)
                0x00005ae8                gapc_connection_cfm_handler
 .text.gapc_con_req_ind
                0x00005ba4       0xe0 ../thirdparty/wireless/ble_sdk/lib/cm0p/gcc\libble_sdk.a(gapc_task.o)
                0x00005ba4                gapc_con_req_ind
 .text.gapc_disconnect_cmd_handler
                0x00005c84       0x48 ../thirdparty/wireless/ble_sdk/lib/cm0p/gcc\libble_sdk.a(gapc_task.o)
                0x00005c84                gapc_disconnect_cmd_handler
 .text.gapc_disconnect_ind
                0x00005ccc       0x38 ../thirdparty/wireless/ble_sdk/lib/cm0p/gcc\libble_sdk.a(gapc_task.o)
                0x00005ccc                gapc_disconnect_ind
 .text.gapc_bond_cmd_handler
                0x00005d04       0x70 ../thirdparty/wireless/ble_sdk/lib/cm0p/gcc\libble_sdk.a(gapc_task.o)
                0x00005d04                gapc_bond_cmd_handler
 .text.gapc_bond_ind
                0x00005d74       0xd8 ../thirdparty/wireless/ble_sdk/lib/cm0p/gcc\libble_sdk.a(gapc_task.o)
                0x00005d74                gapc_bond_ind
 .text.gapc_bond_req_ind
                0x00005e4c       0xe8 ../thirdparty/wireless/ble_sdk/lib/cm0p/gcc\libble_sdk.a(gapc_task.o)
                0x00005e4c                gapc_bond_req_ind
 .text.gapc_bond_cfm_handler_pair_resp
                0x00005f34       0x84 ../thirdparty/wireless/ble_sdk/lib/cm0p/gcc\libble_sdk.a(gapc_task.o)
                0x00005f34                gapc_bond_cfm_handler_pair_resp
 .text.gapc_bond_cfm_handler_key_exch
                0x00005fb8       0x58 ../thirdparty/wireless/ble_sdk/lib/cm0p/gcc\libble_sdk.a(gapc_task.o)
                0x00005fb8                gapc_bond_cfm_handler_key_exch
 .text.gapc_security_cmd_handler
                0x00006010       0x48 ../thirdparty/wireless/ble_sdk/lib/cm0p/gcc\libble_sdk.a(gapc_task.o)
                0x00006010                gapc_security_cmd_handler
 .text.gapc_encrypt_cmd_handler
                0x00006058       0x9c ../thirdparty/wireless/ble_sdk/lib/cm0p/gcc\libble_sdk.a(gapc_task.o)
                0x00006058                gapc_encrypt_cmd_handler
 .text.gapc_encrypt_req_ind
                0x000060f4       0x20 ../thirdparty/wireless/ble_sdk/lib/cm0p/gcc\libble_sdk.a(gapc_task.o)
                0x000060f4                gapc_encrypt_req_ind
 .text.gapc_encrypt_cfm_handler
                0x00006114       0x84 ../thirdparty/wireless/ble_sdk/lib/cm0p/gcc\libble_sdk.a(gapc_task.o)
                0x00006114                gapc_encrypt_cfm_handler
 .text.gapc_encrypt_ind
                0x00006198        0xe ../thirdparty/wireless/ble_sdk/lib/cm0p/gcc\libble_sdk.a(gapc_task.o)
                0x00006198                gapc_encrypt_ind
 *fill*         0x000061a6        0x2 
 .text.gapc_param_update_cfm_handler
                0x000061a8       0x50 ../thirdparty/wireless/ble_sdk/lib/cm0p/gcc\libble_sdk.a(gapc_task.o)
                0x000061a8                gapc_param_update_cfm_handler
 .text.gapc_param_updated_ind
                0x000061f8       0x2a ../thirdparty/wireless/ble_sdk/lib/cm0p/gcc\libble_sdk.a(gapc_task.o)
                0x000061f8                gapc_param_updated_ind
 .text.gapc_param_updated_req_ind
                0x00006222       0x30 ../thirdparty/wireless/ble_sdk/lib/cm0p/gcc\libble_sdk.a(gapc_task.o)
                0x00006222                gapc_param_updated_req_ind
 *fill*         0x00006252        0x2 
 .text.gapc_dev_info_req_ind_handler
                0x00006254       0x58 ../thirdparty/wireless/ble_sdk/lib/cm0p/gcc\libble_sdk.a(gapc_task.o)
                0x00006254                gapc_dev_info_req_ind_handler
 .text.gapc_sec_req_ind
                0x000062ac       0x16 ../thirdparty/wireless/ble_sdk/lib/cm0p/gcc\libble_sdk.a(gapc_task.o)
                0x000062ac                gapc_sec_req_ind
 .text.gapc_sign_counter_ind_handler
                0x000062c2       0x34 ../thirdparty/wireless/ble_sdk/lib/cm0p/gcc\libble_sdk.a(gapc_task.o)
                0x000062c2                gapc_sign_counter_ind_handler
 *fill*         0x000062f6        0x2 
 .text.gapc_peer_att_info_ind_handler
                0x000062f8       0x7c ../thirdparty/wireless/ble_sdk/lib/cm0p/gcc\libble_sdk.a(gapc_task.o)
                0x000062f8                gapc_peer_att_info_ind_handler
 .text.gapc_con_channel_map_ind_handler
                0x00006374       0x18 ../thirdparty/wireless/ble_sdk/lib/cm0p/gcc\libble_sdk.a(gapc_task.o)
                0x00006374                gapc_con_channel_map_ind_handler
 .text.gapc_lecb_connected
                0x0000638c       0x2e ../thirdparty/wireless/ble_sdk/lib/cm0p/gcc\libble_sdk.a(gapc_task.o)
                0x0000638c                gapc_lecb_connected
 .text.gapc_lecb_disconnected
                0x000063ba       0x16 ../thirdparty/wireless/ble_sdk/lib/cm0p/gcc\libble_sdk.a(gapc_task.o)
                0x000063ba                gapc_lecb_disconnected
 .text.gapc_lecb_connect_req_ind
                0x000063d0       0x2a ../thirdparty/wireless/ble_sdk/lib/cm0p/gcc\libble_sdk.a(gapc_task.o)
                0x000063d0                gapc_lecb_connect_req_ind
 .text.gapc_lecb_add_credit_resp_handler
                0x000063fa       0x20 ../thirdparty/wireless/ble_sdk/lib/cm0p/gcc\libble_sdk.a(gapc_task.o)
                0x000063fa                gapc_lecb_add_credit_resp_handler
 *fill*         0x0000641a        0x2 
 .text.gapm_reset_req_handler
                0x0000641c       0x90 ../thirdparty/wireless/ble_sdk/lib/cm0p/gcc\libble_sdk.a(gapm_task.o)
                0x0000641c                gapm_reset_req_handler
 .text.gapm_set_dev_config_cmd_handler
                0x000064ac      0x124 ../thirdparty/wireless/ble_sdk/lib/cm0p/gcc\libble_sdk.a(gapm_task.o)
                0x000064ac                gapm_set_dev_config_cmd_handler
 .text.gapm_get_dev_config_cmd_handler
                0x000065d0       0xd8 ../thirdparty/wireless/ble_sdk/lib/cm0p/gcc\libble_sdk.a(gapm_task.o)
                0x000065d0                gapm_get_dev_config_cmd_handler
 .text.gapm_cancel_cmd_handler
                0x000066a8       0x64 ../thirdparty/wireless/ble_sdk/lib/cm0p/gcc\libble_sdk.a(gapm_task.o)
                0x000066a8                gapm_cancel_cmd_handler
 .text.gapm_dev_bdaddr_ind_handler
                0x0000670c       0x1c ../thirdparty/wireless/ble_sdk/lib/cm0p/gcc\libble_sdk.a(gapm_task.o)
                0x0000670c                gapm_dev_bdaddr_ind_handler
 .text.gapm_cmp_evt
                0x00006728      0x174 ../thirdparty/wireless/ble_sdk/lib/cm0p/gcc\libble_sdk.a(gapm_task.o)
                0x00006728                gapm_cmp_evt
 .text.gapm_start_adv_cmd_handler
                0x0000689c      0x114 ../thirdparty/wireless/ble_sdk/lib/cm0p/gcc\libble_sdk.a(gapm_task.o)
                0x0000689c                gapm_start_adv_cmd_handler
 .text.get_gap_local_addr_type
                0x000069b0       0x18 ../thirdparty/wireless/ble_sdk/lib/cm0p/gcc\libble_sdk.a(gapm_task.o)
                0x000069b0                get_gap_local_addr_type
 .text.gapm_adv_report_evt_handler
                0x000069c8       0x88 ../thirdparty/wireless/ble_sdk/lib/cm0p/gcc\libble_sdk.a(gapm_task.o)
                0x000069c8                gapm_adv_report_evt_handler
 .text.gapm_resolv_addr_cmd_handler
                0x00006a50       0x70 ../thirdparty/wireless/ble_sdk/lib/cm0p/gcc\libble_sdk.a(gapm_task.o)
                0x00006a50                gapm_resolv_addr_cmd_handler
 .text.gapm_addr_solved_ind_handler
                0x00006ac0       0x24 ../thirdparty/wireless/ble_sdk/lib/cm0p/gcc\libble_sdk.a(gapm_task.o)
                0x00006ac0                gapm_addr_solved_ind_handler
 .text.gapm_profile_added_ind_handler
                0x00006ae4       0x20 ../thirdparty/wireless/ble_sdk/lib/cm0p/gcc\libble_sdk.a(gapm_task.o)
                0x00006ae4                gapm_profile_added_ind_handler
 .text.gattc_read_req_ind_parser
                0x00006b04        0xc ../thirdparty/wireless/ble_sdk/lib/cm0p/gcc\libble_sdk.a(gattc_task.o)
                0x00006b04                gattc_read_req_ind_parser
 .text.gattc_write_req_ind_parser
                0x00006b10       0x38 ../thirdparty/wireless/ble_sdk/lib/cm0p/gcc\libble_sdk.a(gattc_task.o)
                0x00006b10                gattc_write_req_ind_parser
 .text.gattc_att_info_req_parser
                0x00006b48        0xc ../thirdparty/wireless/ble_sdk/lib/cm0p/gcc\libble_sdk.a(gattc_task.o)
                0x00006b48                gattc_att_info_req_parser
 .text.gattc_read_cfm
                0x00006b54       0x74 ../thirdparty/wireless/ble_sdk/lib/cm0p/gcc\libble_sdk.a(gattc_task.o)
                0x00006b54                gattc_read_cfm
 .text.gattc_write_cfm
                0x00006bc8       0x48 ../thirdparty/wireless/ble_sdk/lib/cm0p/gcc\libble_sdk.a(gattc_task.o)
                0x00006bc8                gattc_write_cfm
 .text.gattc_att_info_cfm
                0x00006c10       0x4c ../thirdparty/wireless/ble_sdk/lib/cm0p/gcc\libble_sdk.a(gattc_task.o)
                0x00006c10                gattc_att_info_cfm
 .text.gattc_event_cfm_handler
                0x00006c5c       0x48 ../thirdparty/wireless/ble_sdk/lib/cm0p/gcc\libble_sdk.a(gattc_task.o)
                0x00006c5c                gattc_event_cfm_handler
 .text.gattc_disc_svc_ind_parser
                0x00006ca4       0x3c ../thirdparty/wireless/ble_sdk/lib/cm0p/gcc\libble_sdk.a(gattc_task.o)
                0x00006ca4                gattc_disc_svc_ind_parser
 .text.gattc_disc_svc_incl_ind_parser
                0x00006ce0       0x48 ../thirdparty/wireless/ble_sdk/lib/cm0p/gcc\libble_sdk.a(gattc_task.o)
                0x00006ce0                gattc_disc_svc_incl_ind_parser
 .text.gattc_disc_char_ind_parser
                0x00006d28       0x44 ../thirdparty/wireless/ble_sdk/lib/cm0p/gcc\libble_sdk.a(gattc_task.o)
                0x00006d28                gattc_disc_char_ind_parser
 .text.gattc_disc_char_desc_ind_parser
                0x00006d6c       0x34 ../thirdparty/wireless/ble_sdk/lib/cm0p/gcc\libble_sdk.a(gattc_task.o)
                0x00006d6c                gattc_disc_char_desc_ind_parser
 .text.gattc_event_ind_and_notification_parser
                0x00006da0       0x54 ../thirdparty/wireless/ble_sdk/lib/cm0p/gcc\libble_sdk.a(gattc_task.o)
                0x00006da0                gattc_event_ind_and_notification_parser
 .text.gattc_complete_evt_handler
                0x00006df4       0xd0 ../thirdparty/wireless/ble_sdk/lib/cm0p/gcc\libble_sdk.a(gattc_task.o)
                0x00006df4                gattc_complete_evt_handler
 .text.gattc_event_mtu_changed_ind_parser
                0x00006ec4       0x10 ../thirdparty/wireless/ble_sdk/lib/cm0p/gcc\libble_sdk.a(gattc_task.o)
                0x00006ec4                gattc_event_mtu_changed_ind_parser
 .text.gattc_read_ind_parser
                0x00006ed4       0x40 ../thirdparty/wireless/ble_sdk/lib/cm0p/gcc\libble_sdk.a(gattc_task.o)
                0x00006ed4                gattc_read_ind_parser
 .text.gattc_svc_changed_cfg_ind_parser
                0x00006f14       0x10 ../thirdparty/wireless/ble_sdk/lib/cm0p/gcc\libble_sdk.a(gattc_task.o)
                0x00006f14                gattc_svc_changed_cfg_ind_parser
 .text.gattm_att_set_value_req_handler
                0x00006f24       0x88 ../thirdparty/wireless/ble_sdk/lib/cm0p/gcc\libble_sdk.a(gattm_task.o)
                0x00006f24                gattm_att_set_value_req_handler
 .text.gattm_att_get_value_req_handler
                0x00006fac       0x8c ../thirdparty/wireless/ble_sdk/lib/cm0p/gcc\libble_sdk.a(gattm_task.o)
                0x00006fac                gattm_att_get_value_req_handler
 .text.htpt_enable_rsp_handler
                0x00007038        0xa ../thirdparty/wireless/ble_sdk/lib/cm0p/gcc\libble_sdk.a(htpt_task.o)
                0x00007038                htpt_enable_rsp_handler
 .text.htpt_temp_send_rsp_handler
                0x00007042        0x6 ../thirdparty/wireless/ble_sdk/lib/cm0p/gcc\libble_sdk.a(htpt_task.o)
                0x00007042                htpt_temp_send_rsp_handler
 .text.htpt_meas_intv_upd_rsp_handler
                0x00007048        0x6 ../thirdparty/wireless/ble_sdk/lib/cm0p/gcc\libble_sdk.a(htpt_task.o)
                0x00007048                htpt_meas_intv_upd_rsp_handler
 .text.htpt_meas_intv_chg_req_ind_handler
                0x0000704e        0xc ../thirdparty/wireless/ble_sdk/lib/cm0p/gcc\libble_sdk.a(htpt_task.o)
                0x0000704e                htpt_meas_intv_chg_req_ind_handler
 .text.htpt_cfg_indntf_ind_handler
                0x0000705a        0xa ../thirdparty/wireless/ble_sdk/lib/cm0p/gcc\libble_sdk.a(htpt_task.o)
                0x0000705a                htpt_cfg_indntf_ind_handler
 .text.write_32_to_BTLC1000
                0x00007064       0x34 ../thirdparty/wireless/ble_sdk/lib/cm0p/gcc\libble_sdk.a(at_ble_patch.o)
                0x00007064                write_32_to_BTLC1000
 .text.patch_init
                0x00007098      0x134 ../thirdparty/wireless/ble_sdk/lib/cm0p/gcc\libble_sdk.a(at_ble_patch.o)
                0x00007098                patch_init
 .text.fifo_init
                0x000071cc       0x20 ../thirdparty/wireless/ble_sdk/lib/cm0p/gcc\libble_sdk.a(fifo.o)
                0x000071cc                fifo_init
 .text.fifo_empty
                0x000071ec        0xe ../thirdparty/wireless/ble_sdk/lib/cm0p/gcc\libble_sdk.a(fifo.o)
                0x000071ec                fifo_empty
 .text.fifo_full
                0x000071fa       0x12 ../thirdparty/wireless/ble_sdk/lib/cm0p/gcc\libble_sdk.a(fifo.o)
                0x000071fa                fifo_full
 .text.fifo_get
                0x0000720c       0x22 ../thirdparty/wireless/ble_sdk/lib/cm0p/gcc\libble_sdk.a(fifo.o)
                0x0000720c                fifo_get
 *fill*         0x0000722e        0x2 
 .text.fifo_put
                0x00007230       0x28 ../thirdparty/wireless/ble_sdk/lib/cm0p/gcc\libble_sdk.a(fifo.o)
                0x00007230                fifo_put
 .text          0x00007258       0x14 c:/program files (x86)/atmel/studio/7.0/toolchain/arm/arm-gnu-toolchain/bin/../lib/gcc/arm-none-eabi/4.9.3/armv6-m\libgcc.a(_thumb1_case_sqi.o)
                0x00007258                __gnu_thumb1_case_sqi
 .text          0x0000726c       0x14 c:/program files (x86)/atmel/studio/7.0/toolchain/arm/arm-gnu-toolchain/bin/../lib/gcc/arm-none-eabi/4.9.3/armv6-m\libgcc.a(_thumb1_case_uqi.o)
                0x0000726c                __gnu_thumb1_case_uqi
 .text          0x00007280      0x120 c:/program files (x86)/atmel/studio/7.0/toolchain/arm/arm-gnu-toolchain/bin/../lib/gcc/arm-none-eabi/4.9.3/armv6-m\libgcc.a(_udivsi3.o)
                0x00007280                __aeabi_uidiv
                0x00007280                __udivsi3
                0x0000738c                __aeabi_uidivmod
 .text          0x000073a0        0x4 c:/program files (x86)/atmel/studio/7.0/toolchain/arm/arm-gnu-toolchain/bin/../lib/gcc/arm-none-eabi/4.9.3/armv6-m\libgcc.a(_dvmd_tls.o)
                0x000073a0                __aeabi_idiv0
                0x000073a0                __aeabi_ldiv0
 .text          0x000073a4       0x54 c:/program files (x86)/atmel/studio/7.0/toolchain/arm/arm-gnu-toolchain/bin/../lib/gcc/arm-none-eabi/4.9.3/armv6-m\libgcc.a(_muldi3.o)
                0x000073a4                __muldi3
                0x000073a4                __aeabi_lmul
 .text          0x000073f8       0x14 c:/program files (x86)/atmel/studio/7.0/toolchain/arm/arm-gnu-toolchain/bin/../lib/gcc/arm-none-eabi/4.9.3/armv6-m\libgcc.a(_ffssi2.o)
                0x000073f8                __ffssi2
 .text          0x0000740c       0x40 c:/program files (x86)/atmel/studio/7.0/toolchain/arm/arm-gnu-toolchain/bin/../lib/gcc/arm-none-eabi/4.9.3/armv6-m\libgcc.a(_ctzsi2.o)
                0x0000740c                __ctzsi2
 .text.__libc_init_array
                0x0000744c       0x4c c:/program files (x86)/atmel/studio/7.0/toolchain/arm/arm-gnu-toolchain/bin/../lib/gcc/arm-none-eabi/4.9.3/../../../../arm-none-eabi/lib/armv6-m\libc_nano.a(lib_a-init.o)
                0x0000744c                __libc_init_array
 .text.memcmp   0x00007498       0x1e c:/program files (x86)/atmel/studio/7.0/toolchain/arm/arm-gnu-toolchain/bin/../lib/gcc/arm-none-eabi/4.9.3/../../../../arm-none-eabi/lib/armv6-m\libc_nano.a(lib_a-memcmp.o)
                0x00007498                memcmp
 .text.memcpy   0x000074b6       0x12 c:/program files (x86)/atmel/studio/7.0/toolchain/arm/arm-gnu-toolchain/bin/../lib/gcc/arm-none-eabi/4.9.3/../../../../arm-none-eabi/lib/armv6-m\libc_nano.a(lib_a-memcpy.o)
                0x000074b6                memcpy
 .text.memset   0x000074c8       0x10 c:/program files (x86)/atmel/studio/7.0/toolchain/arm/arm-gnu-toolchain/bin/../lib/gcc/arm-none-eabi/4.9.3/../../../../arm-none-eabi/lib/armv6-m\libc_nano.a(lib_a-memset.o)
                0x000074c8                memset
 .text.printf   0x000074d8       0x34 c:/program files (x86)/atmel/studio/7.0/toolchain/arm/arm-gnu-toolchain/bin/../lib/gcc/arm-none-eabi/4.9.3/../../../../arm-none-eabi/lib/armv6-m\libc_nano.a(lib_a-printf.o)
                0x000074d8                iprintf
                0x000074d8                printf
 .text.putchar  0x0000750c       0x28 c:/program files (x86)/atmel/studio/7.0/toolchain/arm/arm-gnu-toolchain/bin/../lib/gcc/arm-none-eabi/4.9.3/../../../../arm-none-eabi/lib/armv6-m\libc_nano.a(lib_a-putchar.o)
                0x0000750c                putchar
 .text._puts_r  0x00007534       0xc2 c:/program files (x86)/atmel/studio/7.0/toolchain/arm/arm-gnu-toolchain/bin/../lib/gcc/arm-none-eabi/4.9.3/../../../../arm-none-eabi/lib/armv6-m\libc_nano.a(lib_a-puts.o)
                0x00007534                _puts_r
 *fill*         0x000075f6        0x2 
 .text.puts     0x000075f8       0x14 c:/program files (x86)/atmel/studio/7.0/toolchain/arm/arm-gnu-toolchain/bin/../lib/gcc/arm-none-eabi/4.9.3/../../../../arm-none-eabi/lib/armv6-m\libc_nano.a(lib_a-puts.o)
                0x000075f8                puts
 .text.rand     0x0000760c       0x78 c:/program files (x86)/atmel/studio/7.0/toolchain/arm/arm-gnu-toolchain/bin/../lib/gcc/arm-none-eabi/4.9.3/../../../../arm-none-eabi/lib/armv6-m\libc_nano.a(lib_a-rand.o)
                0x0000760c                rand
 .text.setbuf   0x00007684       0x12 c:/program files (x86)/atmel/studio/7.0/toolchain/arm/arm-gnu-toolchain/bin/../lib/gcc/arm-none-eabi/4.9.3/../../../../arm-none-eabi/lib/armv6-m\libc_nano.a(lib_a-setbuf.o)
                0x00007684                setbuf
 *fill*         0x00007696        0x2 
 .text.setvbuf  0x00007698      0x10c c:/program files (x86)/atmel/studio/7.0/toolchain/arm/arm-gnu-toolchain/bin/../lib/gcc/arm-none-eabi/4.9.3/../../../../arm-none-eabi/lib/armv6-m\libc_nano.a(lib_a-setvbuf.o)
                0x00007698                setvbuf
 .text.__swbuf_r
                0x000077a4       0xb0 c:/program files (x86)/atmel/studio/7.0/toolchain/arm/arm-gnu-toolchain/bin/../lib/gcc/arm-none-eabi/4.9.3/../../../../arm-none-eabi/lib/armv6-m\libc_nano.a(lib_a-wbuf.o)
                0x000077a4                __swbuf_r
 .text.__swsetup_r
                0x00007854       0xe8 c:/program files (x86)/atmel/studio/7.0/toolchain/arm/arm-gnu-toolchain/bin/../lib/gcc/arm-none-eabi/4.9.3/../../../../arm-none-eabi/lib/armv6-m\libc_nano.a(lib_a-wsetup.o)
                0x00007854                __swsetup_r
 .text.__sflush_r
                0x0000793c      0x112 c:/program files (x86)/atmel/studio/7.0/toolchain/arm/arm-gnu-toolchain/bin/../lib/gcc/arm-none-eabi/4.9.3/../../../../arm-none-eabi/lib/armv6-m\libc_nano.a(lib_a-fflush.o)
                0x0000793c                __sflush_r
 *fill*         0x00007a4e        0x2 
 .text._fflush_r
                0x00007a50       0x58 c:/program files (x86)/atmel/studio/7.0/toolchain/arm/arm-gnu-toolchain/bin/../lib/gcc/arm-none-eabi/4.9.3/../../../../arm-none-eabi/lib/armv6-m\libc_nano.a(lib_a-fflush.o)
                0x00007a50                _fflush_r
 .text._cleanup_r
                0x00007aa8       0x10 c:/program files (x86)/atmel/studio/7.0/toolchain/arm/arm-gnu-toolchain/bin/../lib/gcc/arm-none-eabi/4.9.3/../../../../arm-none-eabi/lib/armv6-m\libc_nano.a(lib_a-findfp.o)
                0x00007aa8                _cleanup_r
 .text.std.isra.0
                0x00007ab8       0x48 c:/program files (x86)/atmel/studio/7.0/toolchain/arm/arm-gnu-toolchain/bin/../lib/gcc/arm-none-eabi/4.9.3/../../../../arm-none-eabi/lib/armv6-m\libc_nano.a(lib_a-findfp.o)
 .text.__sfmoreglue
                0x00007b00       0x2c c:/program files (x86)/atmel/studio/7.0/toolchain/arm/arm-gnu-toolchain/bin/../lib/gcc/arm-none-eabi/4.9.3/../../../../arm-none-eabi/lib/armv6-m\libc_nano.a(lib_a-findfp.o)
                0x00007b00                __sfmoreglue
 .text.__sinit  0x00007b2c       0x64 c:/program files (x86)/atmel/studio/7.0/toolchain/arm/arm-gnu-toolchain/bin/../lib/gcc/arm-none-eabi/4.9.3/../../../../arm-none-eabi/lib/armv6-m\libc_nano.a(lib_a-findfp.o)
                0x00007b2c                __sinit
 .text.__sfp    0x00007b90       0x7c c:/program files (x86)/atmel/studio/7.0/toolchain/arm/arm-gnu-toolchain/bin/../lib/gcc/arm-none-eabi/4.9.3/../../../../arm-none-eabi/lib/armv6-m\libc_nano.a(lib_a-findfp.o)
                0x00007b90                __sfp
 .text._fwalk_reent
                0x00007c0c       0x42 c:/program files (x86)/atmel/studio/7.0/toolchain/arm/arm-gnu-toolchain/bin/../lib/gcc/arm-none-eabi/4.9.3/../../../../arm-none-eabi/lib/armv6-m\libc_nano.a(lib_a-fwalk.o)
                0x00007c0c                _fwalk_reent
 *fill*         0x00007c4e        0x2 
 .text.__smakebuf_r
                0x00007c50       0xb0 c:/program files (x86)/atmel/studio/7.0/toolchain/arm/arm-gnu-toolchain/bin/../lib/gcc/arm-none-eabi/4.9.3/../../../../arm-none-eabi/lib/armv6-m\libc_nano.a(lib_a-makebuf.o)
                0x00007c50                __smakebuf_r
 .text.malloc   0x00007d00       0x14 c:/program files (x86)/atmel/studio/7.0/toolchain/arm/arm-gnu-toolchain/bin/../lib/gcc/arm-none-eabi/4.9.3/../../../../arm-none-eabi/lib/armv6-m\libc_nano.a(lib_a-malloc.o)
                0x00007d00                malloc
 .text._free_r  0x00007d14       0x8c c:/program files (x86)/atmel/studio/7.0/toolchain/arm/arm-gnu-toolchain/bin/../lib/gcc/arm-none-eabi/4.9.3/../../../../arm-none-eabi/lib/armv6-m\libc_nano.a(lib_a-nano-freer.o)
                0x00007d14                _free_r
 .text._malloc_r
                0x00007da0       0xb0 c:/program files (x86)/atmel/studio/7.0/toolchain/arm/arm-gnu-toolchain/bin/../lib/gcc/arm-none-eabi/4.9.3/../../../../arm-none-eabi/lib/armv6-m\libc_nano.a(lib_a-nano-mallocr.o)
                0x00007da0                _malloc_r
 .text.__sfputc_r
                0x00007e50       0x2a c:/program files (x86)/atmel/studio/7.0/toolchain/arm/arm-gnu-toolchain/bin/../lib/gcc/arm-none-eabi/4.9.3/../../../../arm-none-eabi/lib/armv6-m\libc_nano.a(lib_a-nano-vfprintf.o)
 .text.__sfputs_r
                0x00007e7a       0x24 c:/program files (x86)/atmel/studio/7.0/toolchain/arm/arm-gnu-toolchain/bin/../lib/gcc/arm-none-eabi/4.9.3/../../../../arm-none-eabi/lib/armv6-m\libc_nano.a(lib_a-nano-vfprintf.o)
                0x00007e7a                __sfputs_r
 *fill*         0x00007e9e        0x2 
 .text._vfprintf_r
                0x00007ea0      0x220 c:/program files (x86)/atmel/studio/7.0/toolchain/arm/arm-gnu-toolchain/bin/../lib/gcc/arm-none-eabi/4.9.3/../../../../arm-none-eabi/lib/armv6-m\libc_nano.a(lib_a-nano-vfprintf.o)
                0x00007ea0                _vfprintf_r
                0x00007ea0                _vfiprintf_r
 .text._printf_common
                0x000080c0       0xdc c:/program files (x86)/atmel/studio/7.0/toolchain/arm/arm-gnu-toolchain/bin/../lib/gcc/arm-none-eabi/4.9.3/../../../../arm-none-eabi/lib/armv6-m\libc_nano.a(lib_a-nano-vfprintf_i.o)
                0x000080c0                _printf_common
 .text._printf_i
                0x0000819c      0x230 c:/program files (x86)/atmel/studio/7.0/toolchain/arm/arm-gnu-toolchain/bin/../lib/gcc/arm-none-eabi/4.9.3/../../../../arm-none-eabi/lib/armv6-m\libc_nano.a(lib_a-nano-vfprintf_i.o)
                0x0000819c                _printf_i
 .text._putc_r  0x000083cc       0x78 c:/program files (x86)/atmel/studio/7.0/toolchain/arm/arm-gnu-toolchain/bin/../lib/gcc/arm-none-eabi/4.9.3/../../../../arm-none-eabi/lib/armv6-m\libc_nano.a(lib_a-putc.o)
                0x000083cc                _putc_r
 .text._sbrk_r  0x00008444       0x24 c:/program files (x86)/atmel/studio/7.0/toolchain/arm/arm-gnu-toolchain/bin/../lib/gcc/arm-none-eabi/4.9.3/../../../../arm-none-eabi/lib/armv6-m\libc_nano.a(lib_a-sbrkr.o)
                0x00008444                _sbrk_r
 .text.__sread  0x00008468       0x28 c:/program files (x86)/atmel/studio/7.0/toolchain/arm/arm-gnu-toolchain/bin/../lib/gcc/arm-none-eabi/4.9.3/../../../../arm-none-eabi/lib/armv6-m\libc_nano.a(lib_a-stdio.o)
                0x00008468                __sread
 .text.__swrite
                0x00008490       0x38 c:/program files (x86)/atmel/studio/7.0/toolchain/arm/arm-gnu-toolchain/bin/../lib/gcc/arm-none-eabi/4.9.3/../../../../arm-none-eabi/lib/armv6-m\libc_nano.a(lib_a-stdio.o)
                0x00008490                __swrite
 .text.__sseek  0x000084c8       0x2c c:/program files (x86)/atmel/studio/7.0/toolchain/arm/arm-gnu-toolchain/bin/../lib/gcc/arm-none-eabi/4.9.3/../../../../arm-none-eabi/lib/armv6-m\libc_nano.a(lib_a-stdio.o)
                0x000084c8                __sseek
 .text.__sclose
                0x000084f4        0xc c:/program files (x86)/atmel/studio/7.0/toolchain/arm/arm-gnu-toolchain/bin/../lib/gcc/arm-none-eabi/4.9.3/../../../../arm-none-eabi/lib/armv6-m\libc_nano.a(lib_a-stdio.o)
                0x000084f4                __sclose
 .text._write_r
                0x00008500       0x28 c:/program files (x86)/atmel/studio/7.0/toolchain/arm/arm-gnu-toolchain/bin/../lib/gcc/arm-none-eabi/4.9.3/../../../../arm-none-eabi/lib/armv6-m\libc_nano.a(lib_a-writer.o)
                0x00008500                _write_r
 .text._close_r
                0x00008528       0x24 c:/program files (x86)/atmel/studio/7.0/toolchain/arm/arm-gnu-toolchain/bin/../lib/gcc/arm-none-eabi/4.9.3/../../../../arm-none-eabi/lib/armv6-m\libc_nano.a(lib_a-closer.o)
                0x00008528                _close_r
 .text._fstat_r
                0x0000854c       0x24 c:/program files (x86)/atmel/studio/7.0/toolchain/arm/arm-gnu-toolchain/bin/../lib/gcc/arm-none-eabi/4.9.3/../../../../arm-none-eabi/lib/armv6-m\libc_nano.a(lib_a-fstatr.o)
                0x0000854c                _fstat_r
 .text._isatty_r
                0x00008570       0x24 c:/program files (x86)/atmel/studio/7.0/toolchain/arm/arm-gnu-toolchain/bin/../lib/gcc/arm-none-eabi/4.9.3/../../../../arm-none-eabi/lib/armv6-m\libc_nano.a(lib_a-isattyr.o)
                0x00008570                _isatty_r
 .text._lseek_r
                0x00008594       0x28 c:/program files (x86)/atmel/studio/7.0/toolchain/arm/arm-gnu-toolchain/bin/../lib/gcc/arm-none-eabi/4.9.3/../../../../arm-none-eabi/lib/armv6-m\libc_nano.a(lib_a-lseekr.o)
                0x00008594                _lseek_r
 .text.memchr   0x000085bc       0x16 c:/program files (x86)/atmel/studio/7.0/toolchain/arm/arm-gnu-toolchain/bin/../lib/gcc/arm-none-eabi/4.9.3/../../../../arm-none-eabi/lib/armv6-m\libc_nano.a(lib_a-memchr.o)
                0x000085bc                memchr
 *fill*         0x000085d2        0x2 
 .text._read_r  0x000085d4       0x28 c:/program files (x86)/atmel/studio/7.0/toolchain/arm/arm-gnu-toolchain/bin/../lib/gcc/arm-none-eabi/4.9.3/../../../../arm-none-eabi/lib/armv6-m\libc_nano.a(lib_a-readr.o)
                0x000085d4                _read_r
 *(.glue_7t)
 .glue_7t       0x00000000        0x0 linker stubs
 *(.glue_7)
 .glue_7        0x00000000        0x0 linker stubs
 *(.rodata .rodata* .gnu.linkonce.r.*)
 .rodata        0x000085fc       0x6c ble_observer.o
 .rodata.str1.4
                0x00008668      0x3e5 ble_observer.o
                                0x3f1 (size before relaxing)
 *fill*         0x00008a4d        0x3 
 .rodata.str1.4
                0x00008a50       0x14 hal/src/hal_io.o
 .rodata.str1.4
                0x00008a64       0x17 hal/src/hal_timer.o
 *fill*         0x00008a7b        0x1 
 .rodata.str1.4
                0x00008a7c       0x1d hal/src/hal_usart_async.o
 *fill*         0x00008a99        0x3 
 .rodata.str1.4
                0x00008a9c       0x1c hal/src/hal_usart_sync.o
 .rodata.str1.4
                0x00008ab8       0x1e hal/utils/src/utils_list.o
 *fill*         0x00008ad6        0x2 
 .rodata.str1.4
                0x00008ad8       0x24 hal/utils/src/utils_ringbuffer.o
 .rodata.str1.4
                0x00008afc       0x23 hpl/core/hpl_core_m0plus_base.o
 *fill*         0x00008b1f        0x1 
 .rodata        0x00008b20        0x8 hpl/eic/hpl_eic2_v100.o
 .rodata.str1.4
                0x00008b28       0x1b hpl/eic/hpl_eic2_v100.o
 *fill*         0x00008b43        0x1 
 .rodata.str1.4
                0x00008b44       0x1c hpl/port/hpl_port_v201.o
 .rodata        0x00008b60       0x61 hpl/sercom/hpl_sercom_v220.o
 *fill*         0x00008bc1        0x3 
 .rodata.str1.4
                0x00008bc4       0x20 hpl/sercom/hpl_sercom_v220.o
 .rodata        0x00008be4       0x14 hpl/tc/hpl_tc2_v200_base.o
 .rodata.str1.4
                0x00008bf8       0x1e hpl/tc/hpl_tc2_v200_base.o
 *fill*         0x00008c16        0x2 
 .rodata        0x00008c18      0x1b5 thirdparty/wireless/ble_sdk/ble_services/ble_mgr/ble_manager.o
 *fill*         0x00008dcd        0x3 
 .rodata.str1.4
                0x00008dd0      0x600 thirdparty/wireless/ble_sdk/ble_services/ble_mgr/ble_manager.o
                                0x602 (size before relaxing)
 .rodata.__FUNCTION__.7971
                0x000093d0       0x11 ../thirdparty/wireless/ble_sdk/lib/cm0p/gcc\libble_sdk.a(event.o)
 .rodata.str1.1
                0x000093e1       0x6e ../thirdparty/wireless/ble_sdk/lib/cm0p/gcc\libble_sdk.a(event.o)
 .rodata        0x0000944f        0xb ../thirdparty/wireless/ble_sdk/lib/cm0p/gcc\libble_sdk.a(gap.o)
 .rodata.__FUNCTION__.7955
                0x0000945a       0x16 ../thirdparty/wireless/ble_sdk/lib/cm0p/gcc\libble_sdk.a(gap.o)
 .rodata.__FUNCTION__.8096
                0x00009470       0x19 ../thirdparty/wireless/ble_sdk/lib/cm0p/gcc\libble_sdk.a(gap.o)
 .rodata.CSWTCH.64
                0x00009489        0xf ../thirdparty/wireless/ble_sdk/lib/cm0p/gcc\libble_sdk.a(gap.o)
 .rodata.str1.1
                0x00009498      0x251 ../thirdparty/wireless/ble_sdk/lib/cm0p/gcc\libble_sdk.a(gap.o)
                                0x276 (size before relaxing)
 .rodata.__FUNCTION__.7934
                0x000096e9       0x17 ../thirdparty/wireless/ble_sdk/lib/cm0p/gcc\libble_sdk.a(gap.o)
 .rodata.__FUNCTION__.7888
                0x00009700        0xc ../thirdparty/wireless/ble_sdk/lib/cm0p/gcc\libble_sdk.a(gap.o)
 .rodata.interface_send_msg
                0x0000970c        0x4 ../thirdparty/wireless/ble_sdk/lib/cm0p/gcc\libble_sdk.a(interface.o)
                0x0000970c                interface_send_msg
 .rodata.str1.1
                0x00009710        0x4 ../thirdparty/wireless/ble_sdk/lib/cm0p/gcc\libble_sdk.a(interface.o)
 .rodata.dummy_buffer
                0x00009714        0x4 ../thirdparty/wireless/ble_sdk/lib/cm0p/gcc\libble_sdk.a(interface.o)
                0x00009714                dummy_buffer
 .rodata.__FUNCTION__.7900
                0x00009718       0x20 ../thirdparty/wireless/ble_sdk/lib/cm0p/gcc\libble_sdk.a(security.o)
 .rodata.__FUNCTION__.7856
                0x00009738       0x16 ../thirdparty/wireless/ble_sdk/lib/cm0p/gcc\libble_sdk.a(security.o)
 .rodata.__FUNCTION__.7866
                0x0000974e       0x1e ../thirdparty/wireless/ble_sdk/lib/cm0p/gcc\libble_sdk.a(security.o)
 .rodata.str1.1
                0x0000976c      0x132 ../thirdparty/wireless/ble_sdk/lib/cm0p/gcc\libble_sdk.a(security.o)
                                0x177 (size before relaxing)
 .rodata.__FUNCTION__.7881
                0x0000989e       0x12 ../thirdparty/wireless/ble_sdk/lib/cm0p/gcc\libble_sdk.a(security.o)
 .rodata.__FUNCTION__.7891
                0x000098b0       0x18 ../thirdparty/wireless/ble_sdk/lib/cm0p/gcc\libble_sdk.a(security.o)
 .rodata.__FUNCTION__.7837
                0x000098c8       0x14 ../thirdparty/wireless/ble_sdk/lib/cm0p/gcc\libble_sdk.a(security.o)
 .rodata.__FUNCTION__.7247
                0x000098dc        0xd ../thirdparty/wireless/ble_sdk/lib/cm0p/gcc\libble_sdk.a(gapc_task.o)
 .rodata.__FUNCTION__.7476
                0x000098e9       0x1e ../thirdparty/wireless/ble_sdk/lib/cm0p/gcc\libble_sdk.a(gapc_task.o)
 .rodata.str1.1
                0x00009907       0xf9 ../thirdparty/wireless/ble_sdk/lib/cm0p/gcc\libble_sdk.a(gapc_task.o)
                                0x116 (size before relaxing)
 .rodata.__FUNCTION__.7677
                0x00009a00       0x17 ../thirdparty/wireless/ble_sdk/lib/cm0p/gcc\libble_sdk.a(gapm_task.o)
 .rodata.__FUNCTION__.7694
                0x00009a17       0x20 ../thirdparty/wireless/ble_sdk/lib/cm0p/gcc\libble_sdk.a(gapm_task.o)
 .rodata.str1.1
                0x00009a37       0x6b ../thirdparty/wireless/ble_sdk/lib/cm0p/gcc\libble_sdk.a(gapm_task.o)
                                 0x88 (size before relaxing)
 .rodata.__FUNCTION__.7706
                0x00009aa2       0x20 ../thirdparty/wireless/ble_sdk/lib/cm0p/gcc\libble_sdk.a(gapm_task.o)
 .rodata.__FUNCTION__.7761
                0x00009ac2        0xd ../thirdparty/wireless/ble_sdk/lib/cm0p/gcc\libble_sdk.a(gapm_task.o)
 .rodata.str1.1
                0x00009acf       0x5c ../thirdparty/wireless/ble_sdk/lib/cm0p/gcc\libble_sdk.a(gattc_task.o)
                                 0x8f (size before relaxing)
 .rodata.__FUNCTION__.7433
                0x00009b2b       0x1b ../thirdparty/wireless/ble_sdk/lib/cm0p/gcc\libble_sdk.a(gattc_task.o)
 .rodata        0x00009b46        0x2 ../thirdparty/wireless/ble_sdk/lib/cm0p/gcc\libble_sdk.a(at_ble_patch.o)
 .rodata.str1.1
                0x00000000        0x4 ../thirdparty/wireless/ble_sdk/lib/cm0p/gcc\libble_sdk.a(at_ble_patch.o)
 .rodata.patch_data
                0x00009b48     0x2bbc ../thirdparty/wireless/ble_sdk/lib/cm0p/gcc\libble_sdk.a(at_ble_patch.o)
 .rodata.str1.1
                0x0000c704        0x2 c:/program files (x86)/atmel/studio/7.0/toolchain/arm/arm-gnu-toolchain/bin/../lib/gcc/arm-none-eabi/4.9.3/../../../../arm-none-eabi/lib/armv6-m\libc_nano.a(lib_a-impure.o)
 *fill*         0x0000c706        0x2 
 .rodata._global_impure_ptr
                0x0000c708        0x4 c:/program files (x86)/atmel/studio/7.0/toolchain/arm/arm-gnu-toolchain/bin/../lib/gcc/arm-none-eabi/4.9.3/../../../../arm-none-eabi/lib/armv6-m\libc_nano.a(lib_a-impure.o)
                0x0000c708                _global_impure_ptr
 .rodata.__sf_fake_stdin
                0x0000c70c       0x20 c:/program files (x86)/atmel/studio/7.0/toolchain/arm/arm-gnu-toolchain/bin/../lib/gcc/arm-none-eabi/4.9.3/../../../../arm-none-eabi/lib/armv6-m\libc_nano.a(lib_a-findfp.o)
                0x0000c70c                __sf_fake_stdin
 .rodata.__sf_fake_stdout
                0x0000c72c       0x20 c:/program files (x86)/atmel/studio/7.0/toolchain/arm/arm-gnu-toolchain/bin/../lib/gcc/arm-none-eabi/4.9.3/../../../../arm-none-eabi/lib/armv6-m\libc_nano.a(lib_a-findfp.o)
                0x0000c72c                __sf_fake_stdout
 .rodata.__sf_fake_stderr
                0x0000c74c       0x20 c:/program files (x86)/atmel/studio/7.0/toolchain/arm/arm-gnu-toolchain/bin/../lib/gcc/arm-none-eabi/4.9.3/../../../../arm-none-eabi/lib/armv6-m\libc_nano.a(lib_a-findfp.o)
                0x0000c74c                __sf_fake_stderr
 .rodata.str1.1
                0x0000c76c       0x11 c:/program files (x86)/atmel/studio/7.0/toolchain/arm/arm-gnu-toolchain/bin/../lib/gcc/arm-none-eabi/4.9.3/../../../../arm-none-eabi/lib/armv6-m\libc_nano.a(lib_a-nano-vfprintf.o)
 .rodata.str1.1
                0x0000c77d       0x22 c:/program files (x86)/atmel/studio/7.0/toolchain/arm/arm-gnu-toolchain/bin/../lib/gcc/arm-none-eabi/4.9.3/../../../../arm-none-eabi/lib/armv6-m\libc_nano.a(lib_a-nano-vfprintf_i.o)
 *(.ARM.extab* .gnu.linkonce.armextab.*)
                0x0000c7a0                . = ALIGN (0x4)
 *fill*         0x0000c79f        0x1 
 *(.init)
 .init          0x0000c7a0        0x4 c:/program files (x86)/atmel/studio/7.0/toolchain/arm/arm-gnu-toolchain/bin/../lib/gcc/arm-none-eabi/4.9.3/armv6-m/crti.o
                0x0000c7a0                _init
 .init          0x0000c7a4        0x8 c:/program files (x86)/atmel/studio/7.0/toolchain/arm/arm-gnu-toolchain/bin/../lib/gcc/arm-none-eabi/4.9.3/armv6-m/crtn.o
                0x0000c7ac                . = ALIGN (0x4)
                0x0000c7ac                __preinit_array_start = .
 *(.preinit_array)
                0x0000c7ac                __preinit_array_end = .
                0x0000c7ac                . = ALIGN (0x4)
                0x0000c7ac                __init_array_start = .
 *(SORT(.init_array.*))
 *(.init_array)
 .init_array    0x0000c7ac        0x4 c:/program files (x86)/atmel/studio/7.0/toolchain/arm/arm-gnu-toolchain/bin/../lib/gcc/arm-none-eabi/4.9.3/armv6-m/crtbegin.o
                0x0000c7b0                __init_array_end = .
                0x0000c7b0                . = ALIGN (0x4)
 *crtbegin.o(.ctors)
 *(EXCLUDE_FILE(*crtend.o) .ctors)
 *(SORT(.ctors.*))
 *crtend.o(.ctors)
                0x0000c7b0                . = ALIGN (0x4)
 *(.fini)
 .fini          0x0000c7b0        0x4 c:/program files (x86)/atmel/studio/7.0/toolchain/arm/arm-gnu-toolchain/bin/../lib/gcc/arm-none-eabi/4.9.3/armv6-m/crti.o
                0x0000c7b0                _fini
 .fini          0x0000c7b4        0x8 c:/program files (x86)/atmel/studio/7.0/toolchain/arm/arm-gnu-toolchain/bin/../lib/gcc/arm-none-eabi/4.9.3/armv6-m/crtn.o
                0x0000c7bc                . = ALIGN (0x4)
                0x0000c7bc                __fini_array_start = .
 *(.fini_array)
 .fini_array    0x0000c7bc        0x4 c:/program files (x86)/atmel/studio/7.0/toolchain/arm/arm-gnu-toolchain/bin/../lib/gcc/arm-none-eabi/4.9.3/armv6-m/crtbegin.o
 *(SORT(.fini_array.*))
                0x0000c7c0                __fini_array_end = .
 *crtbegin.o(.dtors)
 *(EXCLUDE_FILE(*crtend.o) .dtors)
 *(SORT(.dtors.*))
 *crtend.o(.dtors)
                0x0000c7c0                . = ALIGN (0x4)
                0x0000c7c0                _efixed = .
                0x0000c7c0                PROVIDE (__exidx_start, .)

.vfp11_veneer   0x0000c7c0        0x0
 .vfp11_veneer  0x00000000        0x0 linker stubs

.v4_bx          0x0000c7c0        0x0
 .v4_bx         0x00000000        0x0 linker stubs

.iplt           0x0000c7c0        0x0
 .iplt          0x00000000        0x0 c:/program files (x86)/atmel/studio/7.0/toolchain/arm/arm-gnu-toolchain/bin/../lib/gcc/arm-none-eabi/4.9.3/armv6-m/crtbegin.o

.eh_frame       0x0000c7c0        0x0
 .eh_frame      0x0000c7c0        0x0 c:/program files (x86)/atmel/studio/7.0/toolchain/arm/arm-gnu-toolchain/bin/../lib/gcc/arm-none-eabi/4.9.3/armv6-m/crtbegin.o

.rel.dyn        0x0000c7c0        0x0
 .rel.iplt      0x00000000        0x0 c:/program files (x86)/atmel/studio/7.0/toolchain/arm/arm-gnu-toolchain/bin/../lib/gcc/arm-none-eabi/4.9.3/armv6-m/crtbegin.o

.jcr            0x0000c7c0        0x0
 .jcr           0x0000c7c0        0x0 c:/program files (x86)/atmel/studio/7.0/toolchain/arm/arm-gnu-toolchain/bin/../lib/gcc/arm-none-eabi/4.9.3/armv6-m/crtbegin.o

.igot.plt       0x0000c7c0        0x0
 .igot.plt      0x00000000        0x0 c:/program files (x86)/atmel/studio/7.0/toolchain/arm/arm-gnu-toolchain/bin/../lib/gcc/arm-none-eabi/4.9.3/armv6-m/crtbegin.o

.ARM.exidx
 *(.ARM.exidx* .gnu.linkonce.armexidx.*)
                0x0000c7c0                PROVIDE (__exidx_end, .)
                0x0000c7c0                . = ALIGN (0x4)
                0x0000c7c0                _etext = .

.relocate       0x20000000       0x98 load address 0x0000c7c0
                0x20000000                . = ALIGN (0x4)
                0x20000000                _srelocate = .
 *(.ramfunc .ramfunc.*)
 *(.data .data.*)
 .data          0x20000000       0x1b ble_observer.o
 *fill*         0x2000001b        0x1 
 .data          0x2000001c       0x10 thirdparty/wireless/ble_sdk/src/platform.o
                0x2000001c                g_interrupt_enabled
 .data.l2cap_avail_buffers
                0x2000002c        0x1 ../thirdparty/wireless/ble_sdk/lib/cm0p/gcc\libble_sdk.a(l2cc_task.o)
                0x2000002c                l2cap_avail_buffers
 *fill*         0x2000002d        0x3 
 .data.tpfAtBlePrintErr
                0x20000030        0x4 ../thirdparty/wireless/ble_sdk/lib/cm0p/gcc\libble_sdk.a(dbg_logs.o)
                0x20000030                tpfAtBlePrintErr
 .data.impure_data
                0x20000034       0x60 c:/program files (x86)/atmel/studio/7.0/toolchain/arm/arm-gnu-toolchain/bin/../lib/gcc/arm-none-eabi/4.9.3/../../../../arm-none-eabi/lib/armv6-m\libc_nano.a(lib_a-impure.o)
 .data._impure_ptr
                0x20000094        0x4 c:/program files (x86)/atmel/studio/7.0/toolchain/arm/arm-gnu-toolchain/bin/../lib/gcc/arm-none-eabi/4.9.3/../../../../arm-none-eabi/lib/armv6-m\libc_nano.a(lib_a-impure.o)
                0x20000094                _impure_ptr
                0x20000098                . = ALIGN (0x4)
                0x20000098                _erelocate = .

.lpram          0x30000000        0x0
                0x30000000                . = ALIGN (0x8)
                0x30000000                _slpram = .
 *(.lpram .lpram.*)
                0x30000000                . = ALIGN (0x8)
                0x30000000                _elpram = .

.bss            0x20000098     0x218c load address 0x0000c858
                0x20000098                . = ALIGN (0x4)
                0x20000098                _sbss = .
                0x20000098                _szero = .
 *(.bss .bss.*)
 .bss           0x20000098       0x1c c:/program files (x86)/atmel/studio/7.0/toolchain/arm/arm-gnu-toolchain/bin/../lib/gcc/arm-none-eabi/4.9.3/armv6-m/crtbegin.o
 .bss           0x200000b4       0x48 atmel_start.o
 .bss           0x200000fc        0x1 ble_observer.o
                0x200000fc                button_pressed
 *fill*         0x200000fd        0x3 
 .bss           0x20000100        0x4 hal/src/hal_delay.o
 .bss           0x20000104        0x8 hal/src/hal_ext_irq.o
 .bss           0x2000010c        0x4 hal/utils/src/utils_syscalls.o
 .bss           0x20000110        0xc hpl/eic/hpl_eic2_v100.o
 .bss           0x2000011c        0x4 stdio_redirect/stdio_io.o
 .bss           0x20000120       0x13 thirdparty/wireless/ble_sdk/applications/app_bsp/saml21_xpro/app_bsp.o
                0x20000120                ble_timer_cb
                0x2000012d                console_rx_done
                0x20000130                bsp_timer_status
 *fill*         0x20000133        0x1 
 .bss           0x20000134      0x4eb thirdparty/wireless/ble_sdk/ble_services/ble_mgr/ble_manager.o
                0x20000134                scan_response_count
                0x20000138                att_db_data
 *fill*         0x2000061f        0x1 
 .bss           0x20000620        0x8 thirdparty/wireless/ble_sdk/src/platform.o
 .bss.event_pool
                0x20000628       0xa0 ../thirdparty/wireless/ble_sdk/lib/cm0p/gcc\libble_sdk.a(event.o)
 .bss.event_pending_list
                0x200006c8        0x4 ../thirdparty/wireless/ble_sdk/lib/cm0p/gcc\libble_sdk.a(event.o)
 .bss.gu8UserDefinedEvent
                0x200006cc        0x1 ../thirdparty/wireless/ble_sdk/lib/cm0p/gcc\libble_sdk.a(event.o)
                0x200006cc                gu8UserDefinedEvent
 *fill*         0x200006cd        0x3 
 .bss.event_free_list
                0x200006d0        0x4 ../thirdparty/wireless/ble_sdk/lib/cm0p/gcc\libble_sdk.a(event.o)
 .bss.u32dbMemorySize
                0x200006d4        0x4 ../thirdparty/wireless/ble_sdk/lib/cm0p/gcc\libble_sdk.a(gatt_server.o)
                0x200006d4                u32dbMemorySize
 .bss.pu8valuesBuffer
                0x200006d8        0x4 ../thirdparty/wireless/ble_sdk/lib/cm0p/gcc\libble_sdk.a(gatt_server.o)
                0x200006d8                pu8valuesBuffer
 .bss.ptstrattDb
                0x200006dc        0x4 ../thirdparty/wireless/ble_sdk/lib/cm0p/gcc\libble_sdk.a(gatt_server.o)
                0x200006dc                ptstrattDb
 .bss.pu8valuesBufferEnd
                0x200006e0        0x4 ../thirdparty/wireless/ble_sdk/lib/cm0p/gcc\libble_sdk.a(gatt_server.o)
                0x200006e0                pu8valuesBufferEnd
 .bss.u32numberOfValues
                0x200006e4        0x4 ../thirdparty/wireless/ble_sdk/lib/cm0p/gcc\libble_sdk.a(gatt_server.o)
                0x200006e4                u32numberOfValues
 .bss.service_setup_buffer
                0x200006e8        0x4 ../thirdparty/wireless/ble_sdk/lib/cm0p/gcc\libble_sdk.a(gatt_server.o)
                0x200006e8                service_setup_buffer
 .bss.sub_state
                0x200006ec        0x4 ../thirdparty/wireless/ble_sdk/lib/cm0p/gcc\libble_sdk.a(interface.o)
 .bss.cur_msg_start
                0x200006f0        0x2 ../thirdparty/wireless/ble_sdk/lib/cm0p/gcc\libble_sdk.a(interface.o)
 .bss.header    0x200006f2        0x8 ../thirdparty/wireless/ble_sdk/lib/cm0p/gcc\libble_sdk.a(interface.o)
 .bss.event_timeout_timer_expired
                0x200006fa        0x1 ../thirdparty/wireless/ble_sdk/lib/cm0p/gcc\libble_sdk.a(interface.o)
 *fill*         0x200006fb        0x1 
 .bss.sw_timers
                0x200006fc       0x30 ../thirdparty/wireless/ble_sdk/lib/cm0p/gcc\libble_sdk.a(interface.o)
 .bss.write_ptr
                0x2000072c        0x2 ../thirdparty/wireless/ble_sdk/lib/cm0p/gcc\libble_sdk.a(interface.o)
 *fill*         0x2000072e        0x2 
 .bss.state     0x20000730        0x4 ../thirdparty/wireless/ble_sdk/lib/cm0p/gcc\libble_sdk.a(interface.o)
                0x20000730                state
 .bss.rx_fifo   0x20000734       0x14 ../thirdparty/wireless/ble_sdk/lib/cm0p/gcc\libble_sdk.a(interface.o)
 .bss.external_wakeup_status
                0x20000748        0x1 ../thirdparty/wireless/ble_sdk/lib/cm0p/gcc\libble_sdk.a(interface.o)
 *fill*         0x20000749        0x3 
 .bss.event_timeout_timer_handle
                0x2000074c        0x4 ../thirdparty/wireless/ble_sdk/lib/cm0p/gcc\libble_sdk.a(interface.o)
 .bss.bus_activity_status
                0x20000750        0x1 ../thirdparty/wireless/ble_sdk/lib/cm0p/gcc\libble_sdk.a(interface.o)
 .bss.bus_type  0x20000751        0x1 ../thirdparty/wireless/ble_sdk/lib/cm0p/gcc\libble_sdk.a(interface.o)
 *fill*         0x20000752        0x2 
 .bss.cmd_cmpl_timeout_timer_handle
                0x20000754        0x4 ../thirdparty/wireless/ble_sdk/lib/cm0p/gcc\libble_sdk.a(interface.o)
 .bss.platform  0x20000758        0x4 ../thirdparty/wireless/ble_sdk/lib/cm0p/gcc\libble_sdk.a(interface.o)
 .bss.header_idx
                0x2000075c        0x2 ../thirdparty/wireless/ble_sdk/lib/cm0p/gcc\libble_sdk.a(interface.o)
 .bss.rx_fifo_buffer
                0x2000075e      0x200 ../thirdparty/wireless/ble_sdk/lib/cm0p/gcc\libble_sdk.a(interface.o)
 .bss.hw_timer_status
                0x2000095e        0x1 ../thirdparty/wireless/ble_sdk/lib/cm0p/gcc\libble_sdk.a(interface.o)
 *fill*         0x2000095f        0x1 
 .bss.bus_activity_timer_handle
                0x20000960        0x4 ../thirdparty/wireless/ble_sdk/lib/cm0p/gcc\libble_sdk.a(interface.o)
 .bss.cmd_cmpl_flag
                0x20000964        0x1 ../thirdparty/wireless/ble_sdk/lib/cm0p/gcc\libble_sdk.a(interface.o)
 *fill*         0x20000965        0x3 
 .bss.platform_timer_handle
                0x20000968        0x4 ../thirdparty/wireless/ble_sdk/lib/cm0p/gcc\libble_sdk.a(interface.o)
 .bss.RTS       0x2000096c        0x1 ../thirdparty/wireless/ble_sdk/lib/cm0p/gcc\libble_sdk.a(interface.o)
 .bss.event_param_buffer
                0x2000096d      0x400 ../thirdparty/wireless/ble_sdk/lib/cm0p/gcc\libble_sdk.a(interface.o)
 .bss.dummy_key.7408
                0x20000d6d       0x10 ../thirdparty/wireless/ble_sdk/lib/cm0p/gcc\libble_sdk.a(gapc_task.o)
 *fill*         0x20000d7d        0x1 
 .bss.peer_key_info
                0x20000d7e       0x46 ../thirdparty/wireless/ble_sdk/lib/cm0p/gcc\libble_sdk.a(gapc_task.o)
 .bss.dummy_key.7272
                0x20000dc4       0x10 ../thirdparty/wireless/ble_sdk/lib/cm0p/gcc\libble_sdk.a(gapc_task.o)
 .bss.dummy_key.7390
                0x20000dd4       0x10 ../thirdparty/wireless/ble_sdk/lib/cm0p/gcc\libble_sdk.a(gapc_task.o)
 .bss.g_seq_num_rx
                0x20000de4        0x2 ../thirdparty/wireless/ble_sdk/lib/cm0p/gcc\libble_sdk.a(gattc_task.o)
 *fill*         0x20000de6        0x2 
 .bss.u32usedBuffers
                0x20000de8        0x4 ../thirdparty/wireless/ble_sdk/lib/cm0p/gcc\libble_sdk.a(gattm_task.o)
                0x20000de8                u32usedBuffers
 .bss.slave_state
                0x20000dec        0x1 ../thirdparty/wireless/ble_sdk/lib/cm0p/gcc\libble_sdk.a(at_ble_patch.o)
                0x20000dec                slave_state
 *fill*         0x20000ded        0x3 
 .bss.__malloc_sbrk_start
                0x20000df0        0x4 c:/program files (x86)/atmel/studio/7.0/toolchain/arm/arm-gnu-toolchain/bin/../lib/gcc/arm-none-eabi/4.9.3/../../../../arm-none-eabi/lib/armv6-m\libc_nano.a(lib_a-nano-mallocr.o)
                0x20000df0                __malloc_sbrk_start
 .bss.__malloc_free_list